Archive member included to satisfy reference by file (symbol)

c:/program files/microchip/xc8/v2.31/avr/bin/../lib/gcc/avr/5.4.0/../../../../avr/lib/avr5/memx-const\libm.a(addsf3.o)
                              Motors/Motors.o (__addsf3)
c:/program files/microchip/xc8/v2.31/avr/bin/../lib/gcc/avr/5.4.0/../../../../avr/lib/avr5/memx-const\libm.a(addsf3x.o)
                              c:/program files/microchip/xc8/v2.31/avr/bin/../lib/gcc/avr/5.4.0/../../../../avr/lib/avr5/memx-const\libm.a(addsf3.o) (__addsf3x)
c:/program files/microchip/xc8/v2.31/avr/bin/../lib/gcc/avr/5.4.0/../../../../avr/lib/avr5/memx-const\libm.a(fixunssfsi.o)
                              TIMERS/TIMERS.o (__fixunssfsi)
c:/program files/microchip/xc8/v2.31/avr/bin/../lib/gcc/avr/5.4.0/../../../../avr/lib/avr5/memx-const\libm.a(floatsisf.o)
                              Ultra_Sonic/Ultra_Sonic.o (__floatunsisf)
c:/program files/microchip/xc8/v2.31/avr/bin/../lib/gcc/avr/5.4.0/../../../../avr/lib/avr5/memx-const\libm.a(fp_inf.o)
                              c:/program files/microchip/xc8/v2.31/avr/bin/../lib/gcc/avr/5.4.0/../../../../avr/lib/avr5/memx-const\libm.a(addsf3x.o) (__fp_inf)
c:/program files/microchip/xc8/v2.31/avr/bin/../lib/gcc/avr/5.4.0/../../../../avr/lib/avr5/memx-const\libm.a(fp_nan.o)
                              c:/program files/microchip/xc8/v2.31/avr/bin/../lib/gcc/avr/5.4.0/../../../../avr/lib/avr5/memx-const\libm.a(addsf3x.o) (__fp_nan)
c:/program files/microchip/xc8/v2.31/avr/bin/../lib/gcc/avr/5.4.0/../../../../avr/lib/avr5/memx-const\libm.a(fp_pscA.o)
                              c:/program files/microchip/xc8/v2.31/avr/bin/../lib/gcc/avr/5.4.0/../../../../avr/lib/avr5/memx-const\libm.a(addsf3x.o) (__fp_pscA)
c:/program files/microchip/xc8/v2.31/avr/bin/../lib/gcc/avr/5.4.0/../../../../avr/lib/avr5/memx-const\libm.a(fp_pscB.o)
                              c:/program files/microchip/xc8/v2.31/avr/bin/../lib/gcc/avr/5.4.0/../../../../avr/lib/avr5/memx-const\libm.a(addsf3x.o) (__fp_pscB)
c:/program files/microchip/xc8/v2.31/avr/bin/../lib/gcc/avr/5.4.0/../../../../avr/lib/avr5/memx-const\libm.a(fp_round.o)
                              c:/program files/microchip/xc8/v2.31/avr/bin/../lib/gcc/avr/5.4.0/../../../../avr/lib/avr5/memx-const\libm.a(addsf3.o) (__fp_round)
c:/program files/microchip/xc8/v2.31/avr/bin/../lib/gcc/avr/5.4.0/../../../../avr/lib/avr5/memx-const\libm.a(fp_split3.o)
                              c:/program files/microchip/xc8/v2.31/avr/bin/../lib/gcc/avr/5.4.0/../../../../avr/lib/avr5/memx-const\libm.a(addsf3x.o) (__fp_split3)
c:/program files/microchip/xc8/v2.31/avr/bin/../lib/gcc/avr/5.4.0/../../../../avr/lib/avr5/memx-const\libm.a(fp_zero.o)
                              c:/program files/microchip/xc8/v2.31/avr/bin/../lib/gcc/avr/5.4.0/../../../../avr/lib/avr5/memx-const\libm.a(addsf3x.o) (__fp_zero)
c:/program files/microchip/xc8/v2.31/avr/bin/../lib/gcc/avr/5.4.0/../../../../avr/lib/avr5/memx-const\libm.a(mulsf3.o)
                              Motors/Motors.o (__mulsf3)
c:/program files/microchip/xc8/v2.31/avr/bin/../lib/gcc/avr/5.4.0/../../../../avr/lib/avr5/memx-const\libm.a(mulsf3x.o)
                              c:/program files/microchip/xc8/v2.31/avr/bin/../lib/gcc/avr/5.4.0/../../../../avr/lib/avr5/memx-const\libm.a(mulsf3.o) (__mulsf3x)
c:/program files/microchip/xc8/v2.31/avr/bin/../lib/gcc/avr/5.4.0/avr5/memx-const\libgcc.a(_divmodhi4.o)
                              LCD/LCD.o (__divmodhi4)
c:/program files/microchip/xc8/v2.31/avr/bin/../lib/gcc/avr/5.4.0/avr5/memx-const\libgcc.a(_udivmodsi4.o)
                              USART/USART.o (__udivmodsi4)
c:/program files/microchip/xc8/v2.31/avr/bin/../lib/gcc/avr/5.4.0/avr5/memx-const\libgcc.a(_divmodsi4.o)
                              LCD/LCD.o (__divmodsi4)
c:/program files/microchip/xc8/v2.31/avr/bin/../lib/gcc/avr/5.4.0/avr5/memx-const\libgcc.a(_negsi2.o)
                              c:/program files/microchip/xc8/v2.31/avr/bin/../lib/gcc/avr/5.4.0/avr5/memx-const\libgcc.a(_divmodsi4.o) (__negsi2)
c:/program files/microchip/xc8/v2.31/avr/bin/../lib/gcc/avr/5.4.0/avr5/memx-const\libgcc.a(_exit.o)
                              C:/Program Files (x86)/Atmel/Studio/7.0/Packs/atmel/ATmega_DFP/1.6.364/xc8/avr/lib/avr5/memx-const/crtatmega16.o (exit)
c:/program files/microchip/xc8/v2.31/avr/bin/../lib/gcc/avr/5.4.0/avr5/memx-const\libgcc.a(_tablejump2.o)
                              DIO/DIO.o (__tablejump2__)
c:/program files/microchip/xc8/v2.31/avr/bin/../lib/gcc/avr/5.4.0/avr5/memx-const\libgcc.a(_copy_data.o)
                              KeyPad/KeyPad.o (__do_copy_data)
c:/program files/microchip/xc8/v2.31/avr/bin/../lib/gcc/avr/5.4.0/avr5/memx-const\libgcc.a(_umulhisi3.o)
                              Ultra_Sonic/Ultra_Sonic.o (__umulhisi3)
c:/program files/microchip/xc8/v2.31/avr/bin/../lib/gcc/avr/5.4.0/avr5/memx-const\libgcc.a(_udivmodhi4.o)
                              c:/program files/microchip/xc8/v2.31/avr/bin/../lib/gcc/avr/5.4.0/avr5/memx-const\libgcc.a(_divmodhi4.o) (__udivmodhi4)

Discarded input sections

 .data          0x0000000000000000        0x0 C:/Program Files (x86)/Atmel/Studio/7.0/Packs/atmel/ATmega_DFP/1.6.364/xc8/avr/lib/avr5/memx-const/crtatmega16.o
 .bss           0x0000000000000000        0x0 C:/Program Files (x86)/Atmel/Studio/7.0/Packs/atmel/ATmega_DFP/1.6.364/xc8/avr/lib/avr5/memx-const/crtatmega16.o
 .text          0x0000000000000000        0x0 7_SEG/7_SEG.o
 .data          0x0000000000000000        0x0 7_SEG/7_SEG.o
 .bss           0x0000000000000000        0x0 7_SEG/7_SEG.o
 .text.seven_SEG_initialize
                0x0000000000000000        0x8 7_SEG/7_SEG.o
 .text.seven_SEG_initialize_least4bit
                0x0000000000000000       0x2e 7_SEG/7_SEG.o
 .text.seven_SEG_initialize_most4bit
                0x0000000000000000       0x2e 7_SEG/7_SEG.o
 .text.seven_SEG_write
                0x0000000000000000       0xf8 7_SEG/7_SEG.o
 .text.seven_SEG_off
                0x0000000000000000       0x14 7_SEG/7_SEG.o
 .text.BCD_seven_SEG_write_least
                0x0000000000000000       0x5a 7_SEG/7_SEG.o
 .text.BCD_seven_SEG_write_off_least
                0x0000000000000000       0x2e 7_SEG/7_SEG.o
 .text.BCD_seven_SEG_write_most
                0x0000000000000000       0x5a 7_SEG/7_SEG.o
 .text.BCD_seven_SEG_write_off_most
                0x0000000000000000       0x2e 7_SEG/7_SEG.o
 .debug_info    0x0000000000000000      0x8e3 7_SEG/7_SEG.o
 .debug_abbrev  0x0000000000000000       0xb4 7_SEG/7_SEG.o
 .debug_loc     0x0000000000000000      0x8cf 7_SEG/7_SEG.o
 .debug_aranges
                0x0000000000000000       0x60 7_SEG/7_SEG.o
 .debug_ranges  0x0000000000000000       0x50 7_SEG/7_SEG.o
 .debug_line    0x0000000000000000      0x2e3 7_SEG/7_SEG.o
 .debug_str     0x0000000000000000       0x4a 7_SEG/7_SEG.o
 .comment       0x0000000000000000       0x30 7_SEG/7_SEG.o
 .debug_frame   0x0000000000000000       0xdc 7_SEG/7_SEG.o
 .text          0x0000000000000000        0x0 ADC/ADC.o
 .data          0x0000000000000000        0x0 ADC/ADC.o
 .bss           0x0000000000000000        0x0 ADC/ADC.o
 .text.ADC_intialize
                0x0000000000000000       0x2e ADC/ADC.o
 .text.ADC_read
                0x0000000000000000       0x18 ADC/ADC.o
 .debug_info    0x0000000000000000      0x2bc ADC/ADC.o
 .debug_abbrev  0x0000000000000000       0x82 ADC/ADC.o
 .debug_loc     0x0000000000000000       0x58 ADC/ADC.o
 .debug_aranges
                0x0000000000000000       0x28 ADC/ADC.o
 .debug_ranges  0x0000000000000000       0x18 ADC/ADC.o
 .debug_line    0x0000000000000000       0xdd ADC/ADC.o
 .debug_str     0x0000000000000000        0x0 ADC/ADC.o
 .comment       0x0000000000000000       0x30 ADC/ADC.o
 .debug_frame   0x0000000000000000       0x34 ADC/ADC.o
 .text          0x0000000000000000        0x0 DIO/DIO.o
 .data          0x0000000000000000        0x0 DIO/DIO.o
 .bss           0x0000000000000000        0x0 DIO/DIO.o
 .text.DIO_set_dir
                0x0000000000000000       0x26 DIO/DIO.o
 .progmem.gcc_sw_table.DIO_set_dir
                0x0000000000000000       0x48 DIO/DIO.o
 .text.DIO_write_port
                0x0000000000000000       0x26 DIO/DIO.o
 .progmem.gcc_sw_table.DIO_write_port
                0x0000000000000000       0x48 DIO/DIO.o
 .text.DIO_read_pin_u8
                0x0000000000000000       0x28 DIO/DIO.o
 .progmem.gcc_sw_table.DIO_read_pin_u8
                0x0000000000000000       0x48 DIO/DIO.o
 .text.DIO_tog_port
                0x0000000000000000       0x36 DIO/DIO.o
 .progmem.gcc_sw_table.DIO_tog_port
                0x0000000000000000       0x48 DIO/DIO.o
 .text.DIO_internal_pullup_disable
                0x0000000000000000       0x98 DIO/DIO.o
 .progmem.gcc_sw_table.DIO_internal_pullup_disable
                0x0000000000000000       0x48 DIO/DIO.o
 .text.DIO_write_Low_4bits_port
                0x0000000000000000       0x5a DIO/DIO.o
 .text.DIO_write_Most_4bits_port
                0x0000000000000000       0x5a DIO/DIO.o
 .text          0x0000000000000000        0x0 EEPROM/EEPROM.o
 .data          0x0000000000000000        0x0 EEPROM/EEPROM.o
 .bss           0x0000000000000000        0x0 EEPROM/EEPROM.o
 .text.EEPROM_write
                0x0000000000000000       0x18 EEPROM/EEPROM.o
 .text.EEPROM_read
                0x0000000000000000        0xe EEPROM/EEPROM.o
 .debug_info    0x0000000000000000      0x2e1 EEPROM/EEPROM.o
 .debug_abbrev  0x0000000000000000       0x80 EEPROM/EEPROM.o
 .debug_loc     0x0000000000000000       0x4c EEPROM/EEPROM.o
 .debug_aranges
                0x0000000000000000       0x28 EEPROM/EEPROM.o
 .debug_ranges  0x0000000000000000       0x18 EEPROM/EEPROM.o
 .debug_line    0x0000000000000000       0xdd EEPROM/EEPROM.o
 .debug_str     0x0000000000000000        0x0 EEPROM/EEPROM.o
 .comment       0x0000000000000000       0x30 EEPROM/EEPROM.o
 .debug_frame   0x0000000000000000       0x34 EEPROM/EEPROM.o
 .text          0x0000000000000000        0x0 INT/INT.o
 .data          0x0000000000000000        0x0 INT/INT.o
 .bss           0x0000000000000000        0x0 INT/INT.o
 .debug_line    0x0000000000000000        0x0 INT/INT.o
 .debug_str     0x0000000000000000        0x0 INT/INT.o
 .comment       0x0000000000000000       0x30 INT/INT.o
 .text          0x0000000000000000        0x0 KeyPad/KeyPad.o
 .data          0x0000000000000000        0x0 KeyPad/KeyPad.o
 .bss           0x0000000000000000        0x0 KeyPad/KeyPad.o
 .text          0x0000000000000000        0x0 LCD/LCD.o
 .data          0x0000000000000000        0x0 LCD/LCD.o
 .bss           0x0000000000000000        0x0 LCD/LCD.o
 .text.LCD_send_char
                0x0000000000000000       0x60 LCD/LCD.o
 .text.LCD_send_cmd
                0x0000000000000000       0x60 LCD/LCD.o
 .text.LCD_inatialize
                0x0000000000000000       0xb0 LCD/LCD.o
 .text.LCD_send_Snum
                0x0000000000000000       0xac LCD/LCD.o
 .text.LCD_send_float
                0x0000000000000000       0xbc LCD/LCD.o
 .text.LCD_move_cursor
                0x0000000000000000       0x5a LCD/LCD.o
 .text.LCD_send_string
                0x0000000000000000       0xa6 LCD/LCD.o
 .text.LCD_send_char_4bit_mode
                0x0000000000000000      0x114 LCD/LCD.o
 .text.LCD_send_cmd_4bit_mode
                0x0000000000000000      0x114 LCD/LCD.o
 .text.LCD_inatialize_4bit_mode
                0x0000000000000000      0x1b0 LCD/LCD.o
 .text.LCD_display_custom_char
                0x0000000000000000       0x12 LCD/LCD.o
 .text.LCD_save_custom_char
                0x0000000000000000       0x84 LCD/LCD.o
 .debug_info    0x0000000000000000     0x1d81 LCD/LCD.o
 .debug_abbrev  0x0000000000000000      0x1b0 LCD/LCD.o
 .debug_loc     0x0000000000000000     0x1e3e LCD/LCD.o
 .debug_aranges
                0x0000000000000000       0x78 LCD/LCD.o
 .debug_ranges  0x0000000000000000       0x68 LCD/LCD.o
 .debug_line    0x0000000000000000      0x641 LCD/LCD.o
 .debug_str     0x0000000000000000       0xc1 LCD/LCD.o
 .comment       0x0000000000000000       0x30 LCD/LCD.o
 .debug_frame   0x0000000000000000      0x2b0 LCD/LCD.o
 .text          0x0000000000000000        0x0 LED/LED.o
 .data          0x0000000000000000        0x0 LED/LED.o
 .bss           0x0000000000000000        0x0 LED/LED.o
 .text.LED_on   0x0000000000000000        0x8 LED/LED.o
 .text.LED_off  0x0000000000000000        0x8 LED/LED.o
 .text.LED_read_stat
                0x0000000000000000        0x6 LED/LED.o
 .text          0x0000000000000000        0x0 main.o
 .data          0x0000000000000000        0x0 main.o
 .bss           0x0000000000000000        0x0 main.o
 .text          0x0000000000000000        0x0 BUTTON/BUTTON.o
 .data          0x0000000000000000        0x0 BUTTON/BUTTON.o
 .bss           0x0000000000000000        0x0 BUTTON/BUTTON.o
 .text.BUTTON_initialize
                0x0000000000000000        0x8 BUTTON/BUTTON.o
 .text.BUTTON_read_u8
                0x0000000000000000        0x6 BUTTON/BUTTON.o
 .debug_info    0x0000000000000000      0x2b7 BUTTON/BUTTON.o
 .debug_abbrev  0x0000000000000000       0x8f BUTTON/BUTTON.o
 .debug_loc     0x0000000000000000       0x84 BUTTON/BUTTON.o
 .debug_aranges
                0x0000000000000000       0x28 BUTTON/BUTTON.o
 .debug_ranges  0x0000000000000000       0x18 BUTTON/BUTTON.o
 .debug_line    0x0000000000000000       0xb8 BUTTON/BUTTON.o
 .debug_str     0x0000000000000000       0x20 BUTTON/BUTTON.o
 .comment       0x0000000000000000       0x30 BUTTON/BUTTON.o
 .debug_frame   0x0000000000000000       0x34 BUTTON/BUTTON.o
 .text          0x0000000000000000        0x0 Motors/Motors.o
 .data          0x0000000000000000        0x0 Motors/Motors.o
 .bss           0x0000000000000000        0x0 Motors/Motors.o
 .text.Servo_motor_angle
                0x0000000000000000       0x1e Motors/Motors.o
 .debug_info    0x0000000000000000      0x2a4 Motors/Motors.o
 .debug_abbrev  0x0000000000000000       0x7f Motors/Motors.o
 .debug_loc     0x0000000000000000       0x2f Motors/Motors.o
 .debug_aranges
                0x0000000000000000       0x20 Motors/Motors.o
 .debug_ranges  0x0000000000000000       0x10 Motors/Motors.o
 .debug_line    0x0000000000000000       0x46 Motors/Motors.o
 .debug_str     0x0000000000000000       0x15 Motors/Motors.o
 .comment       0x0000000000000000       0x30 Motors/Motors.o
 .debug_frame   0x0000000000000000       0x24 Motors/Motors.o
 .text          0x0000000000000000        0x0 SPI/SPI.o
 .data          0x0000000000000000        0x0 SPI/SPI.o
 .bss           0x0000000000000000        0x0 SPI/SPI.o
 .text.SPI_initialize_as_SLAVE
                0x0000000000000000       0x18 SPI/SPI.o
 .text.SPI_slave_receive_data
                0x0000000000000000        0xa SPI/SPI.o
 .text.SPI_master_send_String
                0x0000000000000000       0x3e SPI/SPI.o
 .text          0x0000000000000000        0x0 TIMERS/TIMERS.o
 .data          0x0000000000000000        0x0 TIMERS/TIMERS.o
 .bss           0x0000000000000000        0x0 TIMERS/TIMERS.o
 .text.Timer0_initaialize_CTC_mode_interrupt
                0x0000000000000000       0x2c TIMERS/TIMERS.o
 .text.Timer0_wave_NON_PWM
                0x0000000000000000       0x3a TIMERS/TIMERS.o
 .text.Timer0_wave_Fast_PWM
                0x0000000000000000       0x3a TIMERS/TIMERS.o
 .text.Timer0_wave_Phase_Correct_PWM
                0x0000000000000000       0x3a TIMERS/TIMERS.o
 .text.Timer2_initaialize_CTC_mode_interrupt
                0x0000000000000000       0x2c TIMERS/TIMERS.o
 .text.Timer2_initaialize_OVF_mode_interrupt
                0x0000000000000000       0x2e TIMERS/TIMERS.o
 .text.Timer2_wave_NON_PWM
                0x0000000000000000       0x3a TIMERS/TIMERS.o
 .text.Timer2_wave_Fast_PWM
                0x0000000000000000       0x3a TIMERS/TIMERS.o
 .text.Timer2_wave_Phase_Correct_PWM
                0x0000000000000000       0x3a TIMERS/TIMERS.o
 .text.Timer1_wave_fast_PWM
                0x0000000000000000       0x76 TIMERS/TIMERS.o
 .debug_info    0x0000000000000000      0x520 TIMERS/TIMERS.o
 .debug_abbrev  0x0000000000000000       0xb2 TIMERS/TIMERS.o
 .debug_loc     0x0000000000000000       0x8e TIMERS/TIMERS.o
 .debug_aranges
                0x0000000000000000       0x68 TIMERS/TIMERS.o
 .debug_ranges  0x0000000000000000       0x58 TIMERS/TIMERS.o
 .debug_line    0x0000000000000000      0x354 TIMERS/TIMERS.o
 .debug_str     0x0000000000000000       0x10 TIMERS/TIMERS.o
 .comment       0x0000000000000000       0x30 TIMERS/TIMERS.o
 .debug_frame   0x0000000000000000       0xc8 TIMERS/TIMERS.o
 .text          0x0000000000000000        0x0 Ultra_Sonic/Ultra_Sonic.o
 .data          0x0000000000000000        0x0 Ultra_Sonic/Ultra_Sonic.o
 .bss           0x0000000000000000        0x0 Ultra_Sonic/Ultra_Sonic.o
 .text.ULTRA_SONIC_inatialize
                0x0000000000000000        0xe Ultra_Sonic/Ultra_Sonic.o
 .text.ULTRA_SONIC_read
                0x0000000000000000       0x86 Ultra_Sonic/Ultra_Sonic.o
 .debug_info    0x0000000000000000      0x496 Ultra_Sonic/Ultra_Sonic.o
 .debug_abbrev  0x0000000000000000      0x150 Ultra_Sonic/Ultra_Sonic.o
 .debug_loc     0x0000000000000000      0x1a7 Ultra_Sonic/Ultra_Sonic.o
 .debug_aranges
                0x0000000000000000       0x28 Ultra_Sonic/Ultra_Sonic.o
 .debug_ranges  0x0000000000000000       0x18 Ultra_Sonic/Ultra_Sonic.o
 .debug_line    0x0000000000000000      0x15a Ultra_Sonic/Ultra_Sonic.o
 .debug_str     0x0000000000000000       0x27 Ultra_Sonic/Ultra_Sonic.o
 .comment       0x0000000000000000       0x30 Ultra_Sonic/Ultra_Sonic.o
 .debug_frame   0x0000000000000000       0x48 Ultra_Sonic/Ultra_Sonic.o
 .text          0x0000000000000000        0x0 USART/USART.o
 .data          0x0000000000000000        0x0 USART/USART.o
 .bss           0x0000000000000000        0x0 USART/USART.o
 .text.USART_intialize
                0x0000000000000000       0x4e USART/USART.o
 .text.USART_send_data
                0x0000000000000000        0x8 USART/USART.o
 .text.USART_read_data
                0x0000000000000000        0x8 USART/USART.o
 .text.USART_send_string
                0x0000000000000000       0x3e USART/USART.o
 .debug_info    0x0000000000000000      0x416 USART/USART.o
 .debug_abbrev  0x0000000000000000      0x12e USART/USART.o
 .debug_loc     0x0000000000000000       0xde USART/USART.o
 .debug_aranges
                0x0000000000000000       0x38 USART/USART.o
 .debug_ranges  0x0000000000000000       0x28 USART/USART.o
 .debug_line    0x0000000000000000      0x168 USART/USART.o
 .debug_str     0x0000000000000000        0x0 USART/USART.o
 .comment       0x0000000000000000       0x30 USART/USART.o
 .debug_frame   0x0000000000000000       0x64 USART/USART.o
 .text          0x0000000000000000        0x0 c:/program files/microchip/xc8/v2.31/avr/bin/../lib/gcc/avr/5.4.0/../../../../avr/lib/avr5/memx-const\libm.a(addsf3.o)
 .data          0x0000000000000000        0x0 c:/program files/microchip/xc8/v2.31/avr/bin/../lib/gcc/avr/5.4.0/../../../../avr/lib/avr5/memx-const\libm.a(addsf3.o)
 .bss           0x0000000000000000        0x0 c:/program files/microchip/xc8/v2.31/avr/bin/../lib/gcc/avr/5.4.0/../../../../avr/lib/avr5/memx-const\libm.a(addsf3.o)
 .text.avrlibc.fplib
                0x0000000000000000        0xe c:/program files/microchip/xc8/v2.31/avr/bin/../lib/gcc/avr/5.4.0/../../../../avr/lib/avr5/memx-const\libm.a(addsf3.o)
 .text          0x0000000000000000        0x0 c:/program files/microchip/xc8/v2.31/avr/bin/../lib/gcc/avr/5.4.0/../../../../avr/lib/avr5/memx-const\libm.a(addsf3x.o)
 .data          0x0000000000000000        0x0 c:/program files/microchip/xc8/v2.31/avr/bin/../lib/gcc/avr/5.4.0/../../../../avr/lib/avr5/memx-const\libm.a(addsf3x.o)
 .bss           0x0000000000000000        0x0 c:/program files/microchip/xc8/v2.31/avr/bin/../lib/gcc/avr/5.4.0/../../../../avr/lib/avr5/memx-const\libm.a(addsf3x.o)
 .text.avrlibc.fplib
                0x0000000000000000       0xce c:/program files/microchip/xc8/v2.31/avr/bin/../lib/gcc/avr/5.4.0/../../../../avr/lib/avr5/memx-const\libm.a(addsf3x.o)
 .text          0x0000000000000000        0x0 c:/program files/microchip/xc8/v2.31/avr/bin/../lib/gcc/avr/5.4.0/../../../../avr/lib/avr5/memx-const\libm.a(fixunssfsi.o)
 .data          0x0000000000000000        0x0 c:/program files/microchip/xc8/v2.31/avr/bin/../lib/gcc/avr/5.4.0/../../../../avr/lib/avr5/memx-const\libm.a(fixunssfsi.o)
 .bss           0x0000000000000000        0x0 c:/program files/microchip/xc8/v2.31/avr/bin/../lib/gcc/avr/5.4.0/../../../../avr/lib/avr5/memx-const\libm.a(fixunssfsi.o)
 .text.avrlibc.fplib
                0x0000000000000000       0x5e c:/program files/microchip/xc8/v2.31/avr/bin/../lib/gcc/avr/5.4.0/../../../../avr/lib/avr5/memx-const\libm.a(fixunssfsi.o)
 .text          0x0000000000000000        0x0 c:/program files/microchip/xc8/v2.31/avr/bin/../lib/gcc/avr/5.4.0/../../../../avr/lib/avr5/memx-const\libm.a(floatsisf.o)
 .data          0x0000000000000000        0x0 c:/program files/microchip/xc8/v2.31/avr/bin/../lib/gcc/avr/5.4.0/../../../../avr/lib/avr5/memx-const\libm.a(floatsisf.o)
 .bss           0x0000000000000000        0x0 c:/program files/microchip/xc8/v2.31/avr/bin/../lib/gcc/avr/5.4.0/../../../../avr/lib/avr5/memx-const\libm.a(floatsisf.o)
 .text.avrlibc.fplib
                0x0000000000000000       0x7a c:/program files/microchip/xc8/v2.31/avr/bin/../lib/gcc/avr/5.4.0/../../../../avr/lib/avr5/memx-const\libm.a(floatsisf.o)
 .text          0x0000000000000000        0x0 c:/program files/microchip/xc8/v2.31/avr/bin/../lib/gcc/avr/5.4.0/../../../../avr/lib/avr5/memx-const\libm.a(fp_inf.o)
 .data          0x0000000000000000        0x0 c:/program files/microchip/xc8/v2.31/avr/bin/../lib/gcc/avr/5.4.0/../../../../avr/lib/avr5/memx-const\libm.a(fp_inf.o)
 .bss           0x0000000000000000        0x0 c:/program files/microchip/xc8/v2.31/avr/bin/../lib/gcc/avr/5.4.0/../../../../avr/lib/avr5/memx-const\libm.a(fp_inf.o)
 .text.avrlibc.fplib
                0x0000000000000000        0xc c:/program files/microchip/xc8/v2.31/avr/bin/../lib/gcc/avr/5.4.0/../../../../avr/lib/avr5/memx-const\libm.a(fp_inf.o)
 .text          0x0000000000000000        0x0 c:/program files/microchip/xc8/v2.31/avr/bin/../lib/gcc/avr/5.4.0/../../../../avr/lib/avr5/memx-const\libm.a(fp_nan.o)
 .data          0x0000000000000000        0x0 c:/program files/microchip/xc8/v2.31/avr/bin/../lib/gcc/avr/5.4.0/../../../../avr/lib/avr5/memx-const\libm.a(fp_nan.o)
 .bss           0x0000000000000000        0x0 c:/program files/microchip/xc8/v2.31/avr/bin/../lib/gcc/avr/5.4.0/../../../../avr/lib/avr5/memx-const\libm.a(fp_nan.o)
 .text.avrlibc.fplib
                0x0000000000000000        0x6 c:/program files/microchip/xc8/v2.31/avr/bin/../lib/gcc/avr/5.4.0/../../../../avr/lib/avr5/memx-const\libm.a(fp_nan.o)
 .text          0x0000000000000000        0x0 c:/program files/microchip/xc8/v2.31/avr/bin/../lib/gcc/avr/5.4.0/../../../../avr/lib/avr5/memx-const\libm.a(fp_pscA.o)
 .data          0x0000000000000000        0x0 c:/program files/microchip/xc8/v2.31/avr/bin/../lib/gcc/avr/5.4.0/../../../../avr/lib/avr5/memx-const\libm.a(fp_pscA.o)
 .bss           0x0000000000000000        0x0 c:/program files/microchip/xc8/v2.31/avr/bin/../lib/gcc/avr/5.4.0/../../../../avr/lib/avr5/memx-const\libm.a(fp_pscA.o)
 .text.avrlibc.fplib
                0x0000000000000000        0xe c:/program files/microchip/xc8/v2.31/avr/bin/../lib/gcc/avr/5.4.0/../../../../avr/lib/avr5/memx-const\libm.a(fp_pscA.o)
 .text          0x0000000000000000        0x0 c:/program files/microchip/xc8/v2.31/avr/bin/../lib/gcc/avr/5.4.0/../../../../avr/lib/avr5/memx-const\libm.a(fp_pscB.o)
 .data          0x0000000000000000        0x0 c:/program files/microchip/xc8/v2.31/avr/bin/../lib/gcc/avr/5.4.0/../../../../avr/lib/avr5/memx-const\libm.a(fp_pscB.o)
 .bss           0x0000000000000000        0x0 c:/program files/microchip/xc8/v2.31/avr/bin/../lib/gcc/avr/5.4.0/../../../../avr/lib/avr5/memx-const\libm.a(fp_pscB.o)
 .text.avrlibc.fplib
                0x0000000000000000        0xe c:/program files/microchip/xc8/v2.31/avr/bin/../lib/gcc/avr/5.4.0/../../../../avr/lib/avr5/memx-const\libm.a(fp_pscB.o)
 .text          0x0000000000000000        0x0 c:/program files/microchip/xc8/v2.31/avr/bin/../lib/gcc/avr/5.4.0/../../../../avr/lib/avr5/memx-const\libm.a(fp_round.o)
 .data          0x0000000000000000        0x0 c:/program files/microchip/xc8/v2.31/avr/bin/../lib/gcc/avr/5.4.0/../../../../avr/lib/avr5/memx-const\libm.a(fp_round.o)
 .bss           0x0000000000000000        0x0 c:/program files/microchip/xc8/v2.31/avr/bin/../lib/gcc/avr/5.4.0/../../../../avr/lib/avr5/memx-const\libm.a(fp_round.o)
 .text.avrlibc.fplib
                0x0000000000000000       0x22 c:/program files/microchip/xc8/v2.31/avr/bin/../lib/gcc/avr/5.4.0/../../../../avr/lib/avr5/memx-const\libm.a(fp_round.o)
 .text          0x0000000000000000        0x0 c:/program files/microchip/xc8/v2.31/avr/bin/../lib/gcc/avr/5.4.0/../../../../avr/lib/avr5/memx-const\libm.a(fp_split3.o)
 .data          0x0000000000000000        0x0 c:/program files/microchip/xc8/v2.31/avr/bin/../lib/gcc/avr/5.4.0/../../../../avr/lib/avr5/memx-const\libm.a(fp_split3.o)
 .bss           0x0000000000000000        0x0 c:/program files/microchip/xc8/v2.31/avr/bin/../lib/gcc/avr/5.4.0/../../../../avr/lib/avr5/memx-const\libm.a(fp_split3.o)
 .text.avrlibc.fplib
                0x0000000000000000       0x44 c:/program files/microchip/xc8/v2.31/avr/bin/../lib/gcc/avr/5.4.0/../../../../avr/lib/avr5/memx-const\libm.a(fp_split3.o)
 .text          0x0000000000000000        0x0 c:/program files/microchip/xc8/v2.31/avr/bin/../lib/gcc/avr/5.4.0/../../../../avr/lib/avr5/memx-const\libm.a(fp_zero.o)
 .data          0x0000000000000000        0x0 c:/program files/microchip/xc8/v2.31/avr/bin/../lib/gcc/avr/5.4.0/../../../../avr/lib/avr5/memx-const\libm.a(fp_zero.o)
 .bss           0x0000000000000000        0x0 c:/program files/microchip/xc8/v2.31/avr/bin/../lib/gcc/avr/5.4.0/../../../../avr/lib/avr5/memx-const\libm.a(fp_zero.o)
 .text.avrlibc.fplib
                0x0000000000000000        0xe c:/program files/microchip/xc8/v2.31/avr/bin/../lib/gcc/avr/5.4.0/../../../../avr/lib/avr5/memx-const\libm.a(fp_zero.o)
 .text          0x0000000000000000        0x0 c:/program files/microchip/xc8/v2.31/avr/bin/../lib/gcc/avr/5.4.0/../../../../avr/lib/avr5/memx-const\libm.a(mulsf3.o)
 .data          0x0000000000000000        0x0 c:/program files/microchip/xc8/v2.31/avr/bin/../lib/gcc/avr/5.4.0/../../../../avr/lib/avr5/memx-const\libm.a(mulsf3.o)
 .bss           0x0000000000000000        0x0 c:/program files/microchip/xc8/v2.31/avr/bin/../lib/gcc/avr/5.4.0/../../../../avr/lib/avr5/memx-const\libm.a(mulsf3.o)
 .text.avrlibc.fplib
                0x0000000000000000        0x8 c:/program files/microchip/xc8/v2.31/avr/bin/../lib/gcc/avr/5.4.0/../../../../avr/lib/avr5/memx-const\libm.a(mulsf3.o)
 .text          0x0000000000000000        0x0 c:/program files/microchip/xc8/v2.31/avr/bin/../lib/gcc/avr/5.4.0/../../../../avr/lib/avr5/memx-const\libm.a(mulsf3x.o)
 .data          0x0000000000000000        0x0 c:/program files/microchip/xc8/v2.31/avr/bin/../lib/gcc/avr/5.4.0/../../../../avr/lib/avr5/memx-const\libm.a(mulsf3x.o)
 .bss           0x0000000000000000        0x0 c:/program files/microchip/xc8/v2.31/avr/bin/../lib/gcc/avr/5.4.0/../../../../avr/lib/avr5/memx-const\libm.a(mulsf3x.o)
 .text.avrlibc.fplib
                0x0000000000000000       0xd4 c:/program files/microchip/xc8/v2.31/avr/bin/../lib/gcc/avr/5.4.0/../../../../avr/lib/avr5/memx-const\libm.a(mulsf3x.o)
 .text          0x0000000000000000        0x0 c:/program files/microchip/xc8/v2.31/avr/bin/../lib/gcc/avr/5.4.0/avr5/memx-const\libgcc.a(_divmodhi4.o)
 .data          0x0000000000000000        0x0 c:/program files/microchip/xc8/v2.31/avr/bin/../lib/gcc/avr/5.4.0/avr5/memx-const\libgcc.a(_divmodhi4.o)
 .bss           0x0000000000000000        0x0 c:/program files/microchip/xc8/v2.31/avr/bin/../lib/gcc/avr/5.4.0/avr5/memx-const\libgcc.a(_divmodhi4.o)
 .text.libgcc.mul
                0x0000000000000000        0x0 c:/program files/microchip/xc8/v2.31/avr/bin/../lib/gcc/avr/5.4.0/avr5/memx-const\libgcc.a(_divmodhi4.o)
 .text.libgcc.div
                0x0000000000000000       0x28 c:/program files/microchip/xc8/v2.31/avr/bin/../lib/gcc/avr/5.4.0/avr5/memx-const\libgcc.a(_divmodhi4.o)
 .text.libgcc   0x0000000000000000        0x0 c:/program files/microchip/xc8/v2.31/avr/bin/../lib/gcc/avr/5.4.0/avr5/memx-const\libgcc.a(_divmodhi4.o)
 .text.libgcc.prologue
                0x0000000000000000        0x0 c:/program files/microchip/xc8/v2.31/avr/bin/../lib/gcc/avr/5.4.0/avr5/memx-const\libgcc.a(_divmodhi4.o)
 .text.libgcc.builtins
                0x0000000000000000        0x0 c:/program files/microchip/xc8/v2.31/avr/bin/../lib/gcc/avr/5.4.0/avr5/memx-const\libgcc.a(_divmodhi4.o)
 .text.libgcc.fmul
                0x0000000000000000        0x0 c:/program files/microchip/xc8/v2.31/avr/bin/../lib/gcc/avr/5.4.0/avr5/memx-const\libgcc.a(_divmodhi4.o)
 .text.libgcc.fixed
                0x0000000000000000        0x0 c:/program files/microchip/xc8/v2.31/avr/bin/../lib/gcc/avr/5.4.0/avr5/memx-const\libgcc.a(_divmodhi4.o)
 .text          0x0000000000000000        0x0 c:/program files/microchip/xc8/v2.31/avr/bin/../lib/gcc/avr/5.4.0/avr5/memx-const\libgcc.a(_udivmodsi4.o)
 .data          0x0000000000000000        0x0 c:/program files/microchip/xc8/v2.31/avr/bin/../lib/gcc/avr/5.4.0/avr5/memx-const\libgcc.a(_udivmodsi4.o)
 .bss           0x0000000000000000        0x0 c:/program files/microchip/xc8/v2.31/avr/bin/../lib/gcc/avr/5.4.0/avr5/memx-const\libgcc.a(_udivmodsi4.o)
 .text.libgcc.mul
                0x0000000000000000        0x0 c:/program files/microchip/xc8/v2.31/avr/bin/../lib/gcc/avr/5.4.0/avr5/memx-const\libgcc.a(_udivmodsi4.o)
 .text.libgcc.div
                0x0000000000000000       0x44 c:/program files/microchip/xc8/v2.31/avr/bin/../lib/gcc/avr/5.4.0/avr5/memx-const\libgcc.a(_udivmodsi4.o)
 .text.libgcc   0x0000000000000000        0x0 c:/program files/microchip/xc8/v2.31/avr/bin/../lib/gcc/avr/5.4.0/avr5/memx-const\libgcc.a(_udivmodsi4.o)
 .text.libgcc.prologue
                0x0000000000000000        0x0 c:/program files/microchip/xc8/v2.31/avr/bin/../lib/gcc/avr/5.4.0/avr5/memx-const\libgcc.a(_udivmodsi4.o)
 .text.libgcc.builtins
                0x0000000000000000        0x0 c:/program files/microchip/xc8/v2.31/avr/bin/../lib/gcc/avr/5.4.0/avr5/memx-const\libgcc.a(_udivmodsi4.o)
 .text.libgcc.fmul
                0x0000000000000000        0x0 c:/program files/microchip/xc8/v2.31/avr/bin/../lib/gcc/avr/5.4.0/avr5/memx-const\libgcc.a(_udivmodsi4.o)
 .text.libgcc.fixed
                0x0000000000000000        0x0 c:/program files/microchip/xc8/v2.31/avr/bin/../lib/gcc/avr/5.4.0/avr5/memx-const\libgcc.a(_udivmodsi4.o)
 .text          0x0000000000000000        0x0 c:/program files/microchip/xc8/v2.31/avr/bin/../lib/gcc/avr/5.4.0/avr5/memx-const\libgcc.a(_divmodsi4.o)
 .data          0x0000000000000000        0x0 c:/program files/microchip/xc8/v2.31/avr/bin/../lib/gcc/avr/5.4.0/avr5/memx-const\libgcc.a(_divmodsi4.o)
 .bss           0x0000000000000000        0x0 c:/program files/microchip/xc8/v2.31/avr/bin/../lib/gcc/avr/5.4.0/avr5/memx-const\libgcc.a(_divmodsi4.o)
 .text.libgcc.mul
                0x0000000000000000        0x0 c:/program files/microchip/xc8/v2.31/avr/bin/../lib/gcc/avr/5.4.0/avr5/memx-const\libgcc.a(_divmodsi4.o)
 .text.libgcc.div
                0x0000000000000000       0x2e c:/program files/microchip/xc8/v2.31/avr/bin/../lib/gcc/avr/5.4.0/avr5/memx-const\libgcc.a(_divmodsi4.o)
 .text.libgcc   0x0000000000000000        0x0 c:/program files/microchip/xc8/v2.31/avr/bin/../lib/gcc/avr/5.4.0/avr5/memx-const\libgcc.a(_divmodsi4.o)
 .text.libgcc.prologue
                0x0000000000000000        0x0 c:/program files/microchip/xc8/v2.31/avr/bin/../lib/gcc/avr/5.4.0/avr5/memx-const\libgcc.a(_divmodsi4.o)
 .text.libgcc.builtins
                0x0000000000000000        0x0 c:/program files/microchip/xc8/v2.31/avr/bin/../lib/gcc/avr/5.4.0/avr5/memx-const\libgcc.a(_divmodsi4.o)
 .text.libgcc.fmul
                0x0000000000000000        0x0 c:/program files/microchip/xc8/v2.31/avr/bin/../lib/gcc/avr/5.4.0/avr5/memx-const\libgcc.a(_divmodsi4.o)
 .text.libgcc.fixed
                0x0000000000000000        0x0 c:/program files/microchip/xc8/v2.31/avr/bin/../lib/gcc/avr/5.4.0/avr5/memx-const\libgcc.a(_divmodsi4.o)
 .text          0x0000000000000000        0x0 c:/program files/microchip/xc8/v2.31/avr/bin/../lib/gcc/avr/5.4.0/avr5/memx-const\libgcc.a(_negsi2.o)
 .data          0x0000000000000000        0x0 c:/program files/microchip/xc8/v2.31/avr/bin/../lib/gcc/avr/5.4.0/avr5/memx-const\libgcc.a(_negsi2.o)
 .bss           0x0000000000000000        0x0 c:/program files/microchip/xc8/v2.31/avr/bin/../lib/gcc/avr/5.4.0/avr5/memx-const\libgcc.a(_negsi2.o)
 .text.libgcc.mul
                0x0000000000000000        0x0 c:/program files/microchip/xc8/v2.31/avr/bin/../lib/gcc/avr/5.4.0/avr5/memx-const\libgcc.a(_negsi2.o)
 .text.libgcc.div
                0x0000000000000000       0x10 c:/program files/microchip/xc8/v2.31/avr/bin/../lib/gcc/avr/5.4.0/avr5/memx-const\libgcc.a(_negsi2.o)
 .text.libgcc   0x0000000000000000        0x0 c:/program files/microchip/xc8/v2.31/avr/bin/../lib/gcc/avr/5.4.0/avr5/memx-const\libgcc.a(_negsi2.o)
 .text.libgcc.prologue
                0x0000000000000000        0x0 c:/program files/microchip/xc8/v2.31/avr/bin/../lib/gcc/avr/5.4.0/avr5/memx-const\libgcc.a(_negsi2.o)
 .text.libgcc.builtins
                0x0000000000000000        0x0 c:/program files/microchip/xc8/v2.31/avr/bin/../lib/gcc/avr/5.4.0/avr5/memx-const\libgcc.a(_negsi2.o)
 .text.libgcc.fmul
                0x0000000000000000        0x0 c:/program files/microchip/xc8/v2.31/avr/bin/../lib/gcc/avr/5.4.0/avr5/memx-const\libgcc.a(_negsi2.o)
 .text.libgcc.fixed
                0x0000000000000000        0x0 c:/program files/microchip/xc8/v2.31/avr/bin/../lib/gcc/avr/5.4.0/avr5/memx-const\libgcc.a(_negsi2.o)
 .text          0x0000000000000000        0x0 c:/program files/microchip/xc8/v2.31/avr/bin/../lib/gcc/avr/5.4.0/avr5/memx-const\libgcc.a(_exit.o)
 .data          0x0000000000000000        0x0 c:/program files/microchip/xc8/v2.31/avr/bin/../lib/gcc/avr/5.4.0/avr5/memx-const\libgcc.a(_exit.o)
 .bss           0x0000000000000000        0x0 c:/program files/microchip/xc8/v2.31/avr/bin/../lib/gcc/avr/5.4.0/avr5/memx-const\libgcc.a(_exit.o)
 .text.libgcc.mul
                0x0000000000000000        0x0 c:/program files/microchip/xc8/v2.31/avr/bin/../lib/gcc/avr/5.4.0/avr5/memx-const\libgcc.a(_exit.o)
 .text.libgcc.div
                0x0000000000000000        0x0 c:/program files/microchip/xc8/v2.31/avr/bin/../lib/gcc/avr/5.4.0/avr5/memx-const\libgcc.a(_exit.o)
 .text.libgcc   0x0000000000000000        0x0 c:/program files/microchip/xc8/v2.31/avr/bin/../lib/gcc/avr/5.4.0/avr5/memx-const\libgcc.a(_exit.o)
 .text.libgcc.prologue
                0x0000000000000000        0x0 c:/program files/microchip/xc8/v2.31/avr/bin/../lib/gcc/avr/5.4.0/avr5/memx-const\libgcc.a(_exit.o)
 .text.libgcc.builtins
                0x0000000000000000        0x0 c:/program files/microchip/xc8/v2.31/avr/bin/../lib/gcc/avr/5.4.0/avr5/memx-const\libgcc.a(_exit.o)
 .text.libgcc.fmul
                0x0000000000000000        0x0 c:/program files/microchip/xc8/v2.31/avr/bin/../lib/gcc/avr/5.4.0/avr5/memx-const\libgcc.a(_exit.o)
 .text.libgcc.fixed
                0x0000000000000000        0x0 c:/program files/microchip/xc8/v2.31/avr/bin/../lib/gcc/avr/5.4.0/avr5/memx-const\libgcc.a(_exit.o)
 .text          0x0000000000000000        0x0 c:/program files/microchip/xc8/v2.31/avr/bin/../lib/gcc/avr/5.4.0/avr5/memx-const\libgcc.a(_tablejump2.o)
 .data          0x0000000000000000        0x0 c:/program files/microchip/xc8/v2.31/avr/bin/../lib/gcc/avr/5.4.0/avr5/memx-const\libgcc.a(_tablejump2.o)
 .bss           0x0000000000000000        0x0 c:/program files/microchip/xc8/v2.31/avr/bin/../lib/gcc/avr/5.4.0/avr5/memx-const\libgcc.a(_tablejump2.o)
 .text.libgcc.mul
                0x0000000000000000        0x0 c:/program files/microchip/xc8/v2.31/avr/bin/../lib/gcc/avr/5.4.0/avr5/memx-const\libgcc.a(_tablejump2.o)
 .text.libgcc.div
                0x0000000000000000        0x0 c:/program files/microchip/xc8/v2.31/avr/bin/../lib/gcc/avr/5.4.0/avr5/memx-const\libgcc.a(_tablejump2.o)
 .text.libgcc.prologue
                0x0000000000000000        0x0 c:/program files/microchip/xc8/v2.31/avr/bin/../lib/gcc/avr/5.4.0/avr5/memx-const\libgcc.a(_tablejump2.o)
 .text.libgcc.builtins
                0x0000000000000000        0x0 c:/program files/microchip/xc8/v2.31/avr/bin/../lib/gcc/avr/5.4.0/avr5/memx-const\libgcc.a(_tablejump2.o)
 .text.libgcc.fmul
                0x0000000000000000        0x0 c:/program files/microchip/xc8/v2.31/avr/bin/../lib/gcc/avr/5.4.0/avr5/memx-const\libgcc.a(_tablejump2.o)
 .text.libgcc.fixed
                0x0000000000000000        0x0 c:/program files/microchip/xc8/v2.31/avr/bin/../lib/gcc/avr/5.4.0/avr5/memx-const\libgcc.a(_tablejump2.o)
 .text          0x0000000000000000        0x0 c:/program files/microchip/xc8/v2.31/avr/bin/../lib/gcc/avr/5.4.0/avr5/memx-const\libgcc.a(_copy_data.o)
 .data          0x0000000000000000        0x0 c:/program files/microchip/xc8/v2.31/avr/bin/../lib/gcc/avr/5.4.0/avr5/memx-const\libgcc.a(_copy_data.o)
 .bss           0x0000000000000000        0x0 c:/program files/microchip/xc8/v2.31/avr/bin/../lib/gcc/avr/5.4.0/avr5/memx-const\libgcc.a(_copy_data.o)
 .text.libgcc.mul
                0x0000000000000000        0x0 c:/program files/microchip/xc8/v2.31/avr/bin/../lib/gcc/avr/5.4.0/avr5/memx-const\libgcc.a(_copy_data.o)
 .text.libgcc.div
                0x0000000000000000        0x0 c:/program files/microchip/xc8/v2.31/avr/bin/../lib/gcc/avr/5.4.0/avr5/memx-const\libgcc.a(_copy_data.o)
 .text.libgcc   0x0000000000000000        0x0 c:/program files/microchip/xc8/v2.31/avr/bin/../lib/gcc/avr/5.4.0/avr5/memx-const\libgcc.a(_copy_data.o)
 .text.libgcc.prologue
                0x0000000000000000        0x0 c:/program files/microchip/xc8/v2.31/avr/bin/../lib/gcc/avr/5.4.0/avr5/memx-const\libgcc.a(_copy_data.o)
 .text.libgcc.builtins
                0x0000000000000000        0x0 c:/program files/microchip/xc8/v2.31/avr/bin/../lib/gcc/avr/5.4.0/avr5/memx-const\libgcc.a(_copy_data.o)
 .text.libgcc.fmul
                0x0000000000000000        0x0 c:/program files/microchip/xc8/v2.31/avr/bin/../lib/gcc/avr/5.4.0/avr5/memx-const\libgcc.a(_copy_data.o)
 .text.libgcc.fixed
                0x0000000000000000        0x0 c:/program files/microchip/xc8/v2.31/avr/bin/../lib/gcc/avr/5.4.0/avr5/memx-const\libgcc.a(_copy_data.o)
 .text          0x0000000000000000        0x0 c:/program files/microchip/xc8/v2.31/avr/bin/../lib/gcc/avr/5.4.0/avr5/memx-const\libgcc.a(_umulhisi3.o)
 .data          0x0000000000000000        0x0 c:/program files/microchip/xc8/v2.31/avr/bin/../lib/gcc/avr/5.4.0/avr5/memx-const\libgcc.a(_umulhisi3.o)
 .bss           0x0000000000000000        0x0 c:/program files/microchip/xc8/v2.31/avr/bin/../lib/gcc/avr/5.4.0/avr5/memx-const\libgcc.a(_umulhisi3.o)
 .text.libgcc.mul
                0x0000000000000000       0x1e c:/program files/microchip/xc8/v2.31/avr/bin/../lib/gcc/avr/5.4.0/avr5/memx-const\libgcc.a(_umulhisi3.o)
 .text.libgcc.div
                0x0000000000000000        0x0 c:/program files/microchip/xc8/v2.31/avr/bin/../lib/gcc/avr/5.4.0/avr5/memx-const\libgcc.a(_umulhisi3.o)
 .text.libgcc   0x0000000000000000        0x0 c:/program files/microchip/xc8/v2.31/avr/bin/../lib/gcc/avr/5.4.0/avr5/memx-const\libgcc.a(_umulhisi3.o)
 .text.libgcc.prologue
                0x0000000000000000        0x0 c:/program files/microchip/xc8/v2.31/avr/bin/../lib/gcc/avr/5.4.0/avr5/memx-const\libgcc.a(_umulhisi3.o)
 .text.libgcc.builtins
                0x0000000000000000        0x0 c:/program files/microchip/xc8/v2.31/avr/bin/../lib/gcc/avr/5.4.0/avr5/memx-const\libgcc.a(_umulhisi3.o)
 .text.libgcc.fmul
                0x0000000000000000        0x0 c:/program files/microchip/xc8/v2.31/avr/bin/../lib/gcc/avr/5.4.0/avr5/memx-const\libgcc.a(_umulhisi3.o)
 .text.libgcc.fixed
                0x0000000000000000        0x0 c:/program files/microchip/xc8/v2.31/avr/bin/../lib/gcc/avr/5.4.0/avr5/memx-const\libgcc.a(_umulhisi3.o)
 .text          0x0000000000000000        0x0 c:/program files/microchip/xc8/v2.31/avr/bin/../lib/gcc/avr/5.4.0/avr5/memx-const\libgcc.a(_udivmodhi4.o)
 .data          0x0000000000000000        0x0 c:/program files/microchip/xc8/v2.31/avr/bin/../lib/gcc/avr/5.4.0/avr5/memx-const\libgcc.a(_udivmodhi4.o)
 .bss           0x0000000000000000        0x0 c:/program files/microchip/xc8/v2.31/avr/bin/../lib/gcc/avr/5.4.0/avr5/memx-const\libgcc.a(_udivmodhi4.o)
 .text.libgcc.mul
                0x0000000000000000        0x0 c:/program files/microchip/xc8/v2.31/avr/bin/../lib/gcc/avr/5.4.0/avr5/memx-const\libgcc.a(_udivmodhi4.o)
 .text.libgcc.div
                0x0000000000000000       0x28 c:/program files/microchip/xc8/v2.31/avr/bin/../lib/gcc/avr/5.4.0/avr5/memx-const\libgcc.a(_udivmodhi4.o)
 .text.libgcc   0x0000000000000000        0x0 c:/program files/microchip/xc8/v2.31/avr/bin/../lib/gcc/avr/5.4.0/avr5/memx-const\libgcc.a(_udivmodhi4.o)
 .text.libgcc.prologue
                0x0000000000000000        0x0 c:/program files/microchip/xc8/v2.31/avr/bin/../lib/gcc/avr/5.4.0/avr5/memx-const\libgcc.a(_udivmodhi4.o)
 .text.libgcc.builtins
                0x0000000000000000        0x0 c:/program files/microchip/xc8/v2.31/avr/bin/../lib/gcc/avr/5.4.0/avr5/memx-const\libgcc.a(_udivmodhi4.o)
 .text.libgcc.fmul
                0x0000000000000000        0x0 c:/program files/microchip/xc8/v2.31/avr/bin/../lib/gcc/avr/5.4.0/avr5/memx-const\libgcc.a(_udivmodhi4.o)
 .text.libgcc.fixed
                0x0000000000000000        0x0 c:/program files/microchip/xc8/v2.31/avr/bin/../lib/gcc/avr/5.4.0/avr5/memx-const\libgcc.a(_udivmodhi4.o)

Memory Configuration

Name             Origin             Length             Attributes
text             0x0000000000000000 0x0000000000004000 xr
data             0x0000000000800060 0x0000000000000400 rw !x
eeprom           0x0000000000810000 0x0000000000000200 rw !x
fuse             0x0000000000820000 0x0000000000000002 rw !x
lock             0x0000000000830000 0x0000000000000400 rw !x
signature        0x0000000000840000 0x0000000000000400 rw !x
user_signatures  0x0000000000850000 0x0000000000000400 rw !x
*default*        0x0000000000000000 0xffffffffffffffff

Linker script and memory map

LOAD C:/Program Files (x86)/Atmel/Studio/7.0/Packs/atmel/ATmega_DFP/1.6.364/xc8/avr/lib/avr5/memx-const/crtatmega16.o
LOAD 7_SEG/7_SEG.o
LOAD ADC/ADC.o
LOAD DIO/DIO.o
LOAD EEPROM/EEPROM.o
LOAD INT/INT.o
LOAD KeyPad/KeyPad.o
LOAD LCD/LCD.o
LOAD LED/LED.o
LOAD main.o
LOAD BUTTON/BUTTON.o
LOAD Motors/Motors.o
LOAD SPI/SPI.o
LOAD TIMERS/TIMERS.o
LOAD Ultra_Sonic/Ultra_Sonic.o
LOAD USART/USART.o
START GROUP
LOAD c:/program files/microchip/xc8/v2.31/avr/bin/../lib/gcc/avr/5.4.0/../../../../avr/lib/avr5/memx-const\libm.a
END GROUP
START GROUP
LOAD c:/program files/microchip/xc8/v2.31/avr/bin/../lib/gcc/avr/5.4.0/avr5/memx-const\libgcc.a
LOAD c:/program files/microchip/xc8/v2.31/avr/bin/../lib/gcc/avr/5.4.0/../../../../avr/lib/avr5/memx-const\libm.a
LOAD c:/program files/microchip/xc8/v2.31/avr/bin/../lib/gcc/avr/5.4.0/../../../../avr/lib/avr5/memx-const\libc.a
LOAD C:/Program Files (x86)/Atmel/Studio/7.0/Packs/atmel/ATmega_DFP/1.6.364/xc8/avr/lib/avr5/memx-const\libatmega16.a
END GROUP
                0x0000000000000000                __TEXT_REGION_ORIGIN__ = DEFINED (__TEXT_REGION_ORIGIN__)?__TEXT_REGION_ORIGIN__:0x0
                [0x0000000000800060]                __DATA_REGION_ORIGIN__ = DEFINED (__DATA_REGION_ORIGIN__)?__DATA_REGION_ORIGIN__:0x800060
                [0x0000000000004000]                __TEXT_REGION_LENGTH__ = DEFINED (__TEXT_REGION_LENGTH__)?__TEXT_REGION_LENGTH__:0x20000
                [0x0000000000000400]                __DATA_REGION_LENGTH__ = DEFINED (__DATA_REGION_LENGTH__)?__DATA_REGION_LENGTH__:0xffa0
                [0x0000000000000200]                __EEPROM_REGION_LENGTH__ = DEFINED (__EEPROM_REGION_LENGTH__)?__EEPROM_REGION_LENGTH__:0x10000
                [0x0000000000000002]                __FUSE_REGION_LENGTH__ = DEFINED (__FUSE_REGION_LENGTH__)?__FUSE_REGION_LENGTH__:0x400
                0x0000000000000400                __LOCK_REGION_LENGTH__ = DEFINED (__LOCK_REGION_LENGTH__)?__LOCK_REGION_LENGTH__:0x400
                0x0000000000000400                __SIGNATURE_REGION_LENGTH__ = DEFINED (__SIGNATURE_REGION_LENGTH__)?__SIGNATURE_REGION_LENGTH__:0x400
                0x0000000000000400                __USER_SIGNATURE_REGION_LENGTH__ = DEFINED (__USER_SIGNATURE_REGION_LENGTH__)?__USER_SIGNATURE_REGION_LENGTH__:0x400

.hash
 *(.hash)

.dynsym
 *(.dynsym)

.dynstr
 *(.dynstr)

.gnu.version
 *(.gnu.version)

.gnu.version_d
 *(.gnu.version_d)

.gnu.version_r
 *(.gnu.version_r)

.rel.init
 *(.rel.init)

.rela.init
 *(.rela.init)

.rel.text
 *(.rel.text)
 *(.rel.text.*)
 *(.rel.gnu.linkonce.t*)

.rela.text
 *(.rela.text)
 *(.rela.text.*)
 *(.rela.gnu.linkonce.t*)

.rel.fini
 *(.rel.fini)

.rela.fini
 *(.rela.fini)

.rel.rodata
 *(.rel.rodata)
 *(.rel.rodata.*)
 *(.rel.gnu.linkonce.r*)

.rela.rodata
 *(.rela.rodata)
 *(.rela.rodata.*)
 *(.rela.gnu.linkonce.r*)

.rel.data
 *(.rel.data)
 *(.rel.data.*)
 *(.rel.gnu.linkonce.d*)

.rela.data
 *(.rela.data)
 *(.rela.data.*)
 *(.rela.gnu.linkonce.d*)

.rel.ctors
 *(.rel.ctors)

.rela.ctors
 *(.rela.ctors)

.rel.dtors
 *(.rel.dtors)

.rela.dtors
 *(.rela.dtors)

.rel.got
 *(.rel.got)

.rela.got
 *(.rela.got)

.rel.bss
 *(.rel.bss)

.rela.bss
 *(.rela.bss)

.rel.plt
 *(.rel.plt)

.rela.plt
 *(.rela.plt)

.text           0x0000000000000000      0x218
 *(.vectors)
 .vectors       0x0000000000000000       0x54 C:/Program Files (x86)/Atmel/Studio/7.0/Packs/atmel/ATmega_DFP/1.6.364/xc8/avr/lib/avr5/memx-const/crtatmega16.o
                0x0000000000000000                __vector_default
                0x0000000000000000                __vectors
 *(.vectors)
 *(.progmem.gcc*)
 .progmem.gcc_sw_table.DIO_set_bit_dir
                0x0000000000000054       0x48 DIO/DIO.o
 .progmem.gcc_sw_table.DIO_write_bit
                0x000000000000009c       0x48 DIO/DIO.o
 .progmem.gcc_sw_table.DIO_tog_bit
                0x00000000000000e4       0x48 DIO/DIO.o
 .progmem.gcc_sw_table.DIO_read_bit_u8
                0x000000000000012c       0x48 DIO/DIO.o
 .progmem.gcc_sw_table.DIO_internal_pullup_enable
                0x0000000000000174       0x48 DIO/DIO.o
 *(.dinit)
 .dinit         0x00000000000001bc        0x7 data_init
                0x00000000000001c4                . = ALIGN (0x2)
 *fill*         0x00000000000001c3        0x1 
                0x00000000000001c4                __trampolines_start = .
 *(.trampolines)
 .trampolines   0x00000000000001c4        0x0 linker stubs
 *(.trampolines*)
                0x00000000000001c4                __trampolines_end = .
 *libprintf_flt.a:*(.progmem.data)
 *libc.a:*(.progmem.data)
                0x00000000000001c4                . = ALIGN (0x2)
 *(.jumptables)
 *(.jumptables*)
 *(.lowtext)
 *(.lowtext*)
                0x00000000000001c4                __ctors_start = .
 *(.ctors)
                0x00000000000001c4                __ctors_end = .
                0x00000000000001c4                __dtors_start = .
 *(.dtors)
                0x00000000000001c4                __dtors_end = .
 SORT(*)(.ctors)
 SORT(*)(.dtors)
 *(.init0)
 .init0         0x00000000000001c4        0x0 C:/Program Files (x86)/Atmel/Studio/7.0/Packs/atmel/ATmega_DFP/1.6.364/xc8/avr/lib/avr5/memx-const/crtatmega16.o
                0x00000000000001c4                __init
 *(.init0)
 *(.init1)
 *(.init1)
 *(.init2)
 .init2         0x00000000000001c4        0xc C:/Program Files (x86)/Atmel/Studio/7.0/Packs/atmel/ATmega_DFP/1.6.364/xc8/avr/lib/avr5/memx-const/crtatmega16.o
 *(.init2)
 *(.init3)
 *(.init3)
 *(.init4)
 .init4         0x00000000000001d0       0x3c c:/program files/microchip/xc8/v2.31/avr/bin/../lib/gcc/avr/5.4.0/avr5/memx-const\libgcc.a(_copy_data.o)
                0x00000000000001d0                __do_copy_data
                0x00000000000001fe                __do_clear_bss
 *(.init4)
 *(.init5)
 *(.init5)
 *(.init6)
 *(.init6)
 *(.init7)
 *(.init7)
 *(.init8)
 *(.init8)
 *(.init9)
 .init9         0x000000000000020c        0x8 C:/Program Files (x86)/Atmel/Studio/7.0/Packs/atmel/ATmega_DFP/1.6.364/xc8/avr/lib/avr5/memx-const/crtatmega16.o
 *(.init9)
                0x0000000000000214                . = ALIGN (0x2)
 *(.fini9)
 .fini9         0x0000000000000214        0x0 c:/program files/microchip/xc8/v2.31/avr/bin/../lib/gcc/avr/5.4.0/avr5/memx-const\libgcc.a(_exit.o)
                0x0000000000000214                _exit
                0x0000000000000214                exit
 *(.fini9)
 *(.fini8)
 *(.fini8)
 *(.fini7)
 *(.fini7)
 *(.fini6)
 *(.fini6)
 *(.fini5)
 *(.fini5)
 *(.fini4)
 *(.fini4)
 *(.fini3)
 *(.fini3)
 *(.fini2)
 *(.fini2)
 *(.fini1)
 *(.fini1)
 *(.fini0)
 .fini0         0x0000000000000214        0x4 c:/program files/microchip/xc8/v2.31/avr/bin/../lib/gcc/avr/5.4.0/avr5/memx-const\libgcc.a(_exit.o)
 *(.fini0)
                0x0000000000000218                _etext = .

.data           0x0000000000800060        0x0 load address 0x0000000000000218
                [!provide]                        PROVIDE (__data_start, .)
 *(.gnu.linkonce.d*)
 *(.gnu.linkonce.r*)
                0x0000000000800060                . = ALIGN (0x2)
                0x0000000000800060                _edata = .
                [!provide]                        PROVIDE (__data_end, .)

.bss            0x0000000000800060        0x0
                [!provide]                        PROVIDE (__bss_start, .)
 *(COMMON)
                [!provide]                        PROVIDE (__bss_end, .)
                0x0000000000000218                __data_load_start = LOADADDR (.data)
                0x0000000000000218                __data_load_end = (__data_load_start + SIZEOF (.data))

.noinit         0x0000000000800060        0x0
                [!provide]                        PROVIDE (__noinit_start, .)
 *(.noinit*)
                [!provide]                        PROVIDE (__noinit_end, .)
                0x0000000000800060                _end = .

.eeprom         0x0000000000810000        0x0
 *(.eeprom*)
                0x0000000000810000                __eeprom_end = .

.fuse
 *(.fuse)
 *(.lfuse)
 *(.hfuse)
 *(.efuse)

.lock
 *(.lock*)

.signature
 *(.signature*)

.user_signatures
 *(.user_signatures*)

.stab
 *(.stab)

.stabstr
 *(.stabstr)

.stab.excl
 *(.stab.excl)

.stab.exclstr
 *(.stab.exclstr)

.stab.index
 *(.stab.index)

.stab.indexstr
 *(.stab.indexstr)

.comment        0x0000000000000000       0x2f
 *(.comment)
 .comment       0x0000000000000000       0x2f DIO/DIO.o
                                         0x30 (size before relaxing)
 .comment       0x000000000000002f       0x30 KeyPad/KeyPad.o
 .comment       0x000000000000002f       0x30 LED/LED.o
 .comment       0x000000000000002f       0x30 main.o
 .comment       0x000000000000002f       0x30 SPI/SPI.o

.note.gnu.build-id
 *(.note.gnu.build-id)

.debug
 *(.debug)

.line
 *(.line)

.debug_srcinfo
 *(.debug_srcinfo)

.debug_sfnames
 *(.debug_sfnames)

.debug_aranges  0x0000000000000000      0x148
 *(.debug_aranges)
 .debug_aranges
                0x0000000000000000       0x78 DIO/DIO.o
 .debug_aranges
                0x0000000000000078       0x28 KeyPad/KeyPad.o
 .debug_aranges
                0x00000000000000a0       0x40 LED/LED.o
 .debug_aranges
                0x00000000000000e0       0x28 main.o
 .debug_aranges
                0x0000000000000108       0x40 SPI/SPI.o

.debug_pubnames
 *(.debug_pubnames)

.debug_info     0x0000000000000000     0x1d91
 *(.debug_info .gnu.linkonce.wi.*)
 .debug_info    0x0000000000000000      0x52e C:/Program Files (x86)/Atmel/Studio/7.0/Packs/atmel/ATmega_DFP/1.6.364/xc8/avr/lib/avr5/memx-const/crtatmega16.o
 .debug_info    0x000000000000052e      0x681 DIO/DIO.o
 .debug_info    0x0000000000000baf      0x44d KeyPad/KeyPad.o
 .debug_info    0x0000000000000ffc      0x3ca LED/LED.o
 .debug_info    0x00000000000013c6      0x42b main.o
 .debug_info    0x00000000000017f1      0x5a0 SPI/SPI.o

.debug_abbrev   0x0000000000000000      0xa57
 *(.debug_abbrev)
 .debug_abbrev  0x0000000000000000      0x4e7 C:/Program Files (x86)/Atmel/Studio/7.0/Packs/atmel/ATmega_DFP/1.6.364/xc8/avr/lib/avr5/memx-const/crtatmega16.o
 .debug_abbrev  0x00000000000004e7      0x159 DIO/DIO.o
 .debug_abbrev  0x0000000000000640       0xcc KeyPad/KeyPad.o
 .debug_abbrev  0x000000000000070c       0x9e LED/LED.o
 .debug_abbrev  0x00000000000007aa      0x131 main.o
 .debug_abbrev  0x00000000000008db      0x17c SPI/SPI.o

.debug_line     0x0000000000000000      0x9e7
 *(.debug_line .debug_line.* .debug_line_end)
 .debug_line    0x0000000000000000      0x119 C:/Program Files (x86)/Atmel/Studio/7.0/Packs/atmel/ATmega_DFP/1.6.364/xc8/avr/lib/avr5/memx-const/crtatmega16.o
 .debug_line    0x0000000000000119      0x3c7 DIO/DIO.o
 .debug_line    0x00000000000004e0      0x120 KeyPad/KeyPad.o
 .debug_line    0x0000000000000600       0xf4 LED/LED.o
 .debug_line    0x00000000000006f4      0x158 main.o
 .debug_line    0x000000000000084c      0x19b SPI/SPI.o

.debug_frame    0x0000000000000000      0x2b4
 *(.debug_frame)
 .debug_frame   0x0000000000000000       0xf8 DIO/DIO.o
 .debug_frame   0x00000000000000f8       0x60 KeyPad/KeyPad.o
 .debug_frame   0x0000000000000158       0x64 LED/LED.o
 .debug_frame   0x00000000000001bc       0x7c main.o
 .debug_frame   0x0000000000000238       0x7c SPI/SPI.o

.debug_str      0x0000000000000000      0x2b7
 *(.debug_str)
 .debug_str     0x0000000000000000      0x1af C:/Program Files (x86)/Atmel/Studio/7.0/Packs/atmel/ATmega_DFP/1.6.364/xc8/avr/lib/avr5/memx-const/crtatmega16.o
 .debug_str     0x00000000000001af        0x5 DIO/DIO.o
 .debug_str     0x00000000000001b4       0x49 KeyPad/KeyPad.o
 .debug_str     0x00000000000001fd       0x42 LED/LED.o
 .debug_str     0x000000000000023f       0x5a main.o
 .debug_str     0x0000000000000299       0x1e SPI/SPI.o

.debug_loc      0x0000000000000000      0xa0c
 *(.debug_loc)
 .debug_loc     0x0000000000000000      0x521 DIO/DIO.o
 .debug_loc     0x0000000000000521      0x15e KeyPad/KeyPad.o
 .debug_loc     0x000000000000067f      0x14a LED/LED.o
 .debug_loc     0x00000000000007c9      0x126 main.o
 .debug_loc     0x00000000000008ef      0x11d SPI/SPI.o

.debug_macinfo
 *(.debug_macinfo)

.debug_weaknames
 *(.debug_weaknames)

.debug_funcnames
 *(.debug_funcnames)

.debug_typenames
 *(.debug_typenames)

.debug_varnames
 *(.debug_varnames)

.debug_pubtypes
 *(.debug_pubtypes)

.debug_ranges   0x0000000000000000       0xf8
 *(.debug_ranges)
 .debug_ranges  0x0000000000000000       0x68 DIO/DIO.o
 .debug_ranges  0x0000000000000068       0x18 KeyPad/KeyPad.o
 .debug_ranges  0x0000000000000080       0x30 LED/LED.o
 .debug_ranges  0x00000000000000b0       0x18 main.o
 .debug_ranges  0x00000000000000c8       0x30 SPI/SPI.o

.debug_macro
 *(.debug_macro)
OUTPUT(ATMEGA16.elf elf32-avr)
LOAD linker stubs
LOAD data_init

.note.gnu.avr.deviceinfo
                0x0000000000000000       0x3c
 .note.gnu.avr.deviceinfo
                0x0000000000000000       0x3c C:/Program Files (x86)/Atmel/Studio/7.0/Packs/atmel/ATmega_DFP/1.6.364/xc8/avr/lib/avr5/memx-const/crtatmega16.o

.text.DIO_set_bit_dir
                0x0000000000000218       0xe0
 .text.DIO_set_bit_dir
                0x0000000000000218       0xe0 DIO/DIO.o
                0x0000000000000218                DIO_set_bit_dir

.text.DIO_write_bit
                0x00000000000002f8       0xe0
 .text.DIO_write_bit
                0x00000000000002f8       0xe0 DIO/DIO.o
                0x00000000000002f8                DIO_write_bit

.text.DIO_read_bit_u8
                0x00000000000003d8       0xcc
 .text.DIO_read_bit_u8
                0x00000000000003d8       0xcc DIO/DIO.o
                0x00000000000003d8                DIO_read_bit_u8

.text.KeyPad_read
                0x00000000000004a4       0xcc
 .text.KeyPad_read
                0x00000000000004a4       0xcc KeyPad/KeyPad.o
                0x00000000000004a4                KeyPad_read

.text.DIO_internal_pullup_enable
                0x0000000000000570       0x98
 .text.DIO_internal_pullup_enable
                0x0000000000000570       0x98 DIO/DIO.o
                0x0000000000000570                DIO_internal_pullup_enable

.text.DIO_tog_bit
                0x0000000000000608       0x6e
 .text.DIO_tog_bit
                0x0000000000000608       0x6e DIO/DIO.o
                0x0000000000000608                DIO_tog_bit

.text.SPI_initialize_as_MASTER
                0x0000000000000676       0x5a
 .text.SPI_initialize_as_MASTER
                0x0000000000000676       0x5a SPI/SPI.o
                0x0000000000000676                SPI_initialize_as_MASTER

.text.__vector_10
                0x00000000000006d0       0x58
 .text.__vector_10
                0x00000000000006d0       0x58 main.o
                0x00000000000006d0                __vector_10

.text.KeyPad_intialize
                0x0000000000000728       0x4e
 .text.KeyPad_intialize
                0x0000000000000728       0x4e KeyPad/KeyPad.o
                0x0000000000000728                KeyPad_intialize

.text.main      0x0000000000000776       0x38
 .text.main     0x0000000000000776       0x38 main.o
                0x0000000000000776                main

.text.SPI_master_send_data
                0x00000000000007ae       0x1c
 .text.SPI_master_send_data
                0x00000000000007ae       0x1c SPI/SPI.o
                0x00000000000007ae                SPI_master_send_data

.text.libgcc    0x00000000000007ca        0xc
 .text.libgcc   0x00000000000007ca        0xc c:/program files/microchip/xc8/v2.31/avr/bin/../lib/gcc/avr/5.4.0/avr5/memx-const\libgcc.a(_tablejump2.o)
                0x00000000000007ca                __tablejump2__

.text.LED_initialize
                0x00000000000007d6        0x8
 .text.LED_initialize
                0x00000000000007d6        0x8 LED/LED.o
                0x00000000000007d6                LED_initialize

.text.LED_tog   0x00000000000007de        0x6
 .text.LED_tog  0x00000000000007de        0x6 LED/LED.o
                0x00000000000007de                LED_tog

.text           0x00000000000007e4        0x4
 .text          0x00000000000007e4        0x4 C:/Program Files (x86)/Atmel/Studio/7.0/Packs/atmel/ATmega_DFP/1.6.364/xc8/avr/lib/avr5/memx-const/crtatmega16.o
                0x00000000000007e4                __vector_1
                0x00000000000007e4                __vector_12
                0x00000000000007e4                __bad_interrupt
                0x00000000000007e4                __vector_6
                0x00000000000007e4                __vector_3
                0x00000000000007e4                __vector_11
                0x00000000000007e4                __vector_13
                0x00000000000007e4                __vector_17
                0x00000000000007e4                __vector_19
                0x00000000000007e4                __vector_7
                0x00000000000007e4                __vector_5
                0x00000000000007e4                __vector_4
                0x00000000000007e4                __vector_9
                0x00000000000007e4                __vector_2
                0x00000000000007e4                __vector_15
                0x00000000000007e4                __vector_8
                0x00000000000007e4                __vector_14
                0x00000000000007e4                __vector_16
                0x00000000000007e4                __vector_18
                0x00000000000007e4                __vector_20

.rodata         0x0000000000800060       0x10 load address 0x00000000000007e8
 .rodata        0x0000000000800060       0x10 KeyPad/KeyPad.o
