Archive member included to satisfy reference by file (symbol)

c:/program files/microchip/xc8/v2.31/avr/bin/../lib/gcc/avr/5.4.0/../../../../avr/lib/avr5/memx-const\libm.a(addsf3.o)
                              Motors/Motors.o (__addsf3)
c:/program files/microchip/xc8/v2.31/avr/bin/../lib/gcc/avr/5.4.0/../../../../avr/lib/avr5/memx-const\libm.a(addsf3x.o)
                              c:/program files/microchip/xc8/v2.31/avr/bin/../lib/gcc/avr/5.4.0/../../../../avr/lib/avr5/memx-const\libm.a(addsf3.o) (__addsf3x)
c:/program files/microchip/xc8/v2.31/avr/bin/../lib/gcc/avr/5.4.0/../../../../avr/lib/avr5/memx-const\libm.a(fixunssfsi.o)
                              TIMERS/TIMERS.o (__fixunssfsi)
c:/program files/microchip/xc8/v2.31/avr/bin/../lib/gcc/avr/5.4.0/../../../../avr/lib/avr5/memx-const\libm.a(floatsisf.o)
                              Ultra_Sonic/Ultra_Sonic.o (__floatunsisf)
c:/program files/microchip/xc8/v2.31/avr/bin/../lib/gcc/avr/5.4.0/../../../../avr/lib/avr5/memx-const\libm.a(fp_inf.o)
                              c:/program files/microchip/xc8/v2.31/avr/bin/../lib/gcc/avr/5.4.0/../../../../avr/lib/avr5/memx-const\libm.a(addsf3x.o) (__fp_inf)
c:/program files/microchip/xc8/v2.31/avr/bin/../lib/gcc/avr/5.4.0/../../../../avr/lib/avr5/memx-const\libm.a(fp_nan.o)
                              c:/program files/microchip/xc8/v2.31/avr/bin/../lib/gcc/avr/5.4.0/../../../../avr/lib/avr5/memx-const\libm.a(addsf3x.o) (__fp_nan)
c:/program files/microchip/xc8/v2.31/avr/bin/../lib/gcc/avr/5.4.0/../../../../avr/lib/avr5/memx-const\libm.a(fp_pscA.o)
                              c:/program files/microchip/xc8/v2.31/avr/bin/../lib/gcc/avr/5.4.0/../../../../avr/lib/avr5/memx-const\libm.a(addsf3x.o) (__fp_pscA)
c:/program files/microchip/xc8/v2.31/avr/bin/../lib/gcc/avr/5.4.0/../../../../avr/lib/avr5/memx-const\libm.a(fp_pscB.o)
                              c:/program files/microchip/xc8/v2.31/avr/bin/../lib/gcc/avr/5.4.0/../../../../avr/lib/avr5/memx-const\libm.a(addsf3x.o) (__fp_pscB)
c:/program files/microchip/xc8/v2.31/avr/bin/../lib/gcc/avr/5.4.0/../../../../avr/lib/avr5/memx-const\libm.a(fp_round.o)
                              c:/program files/microchip/xc8/v2.31/avr/bin/../lib/gcc/avr/5.4.0/../../../../avr/lib/avr5/memx-const\libm.a(addsf3.o) (__fp_round)
c:/program files/microchip/xc8/v2.31/avr/bin/../lib/gcc/avr/5.4.0/../../../../avr/lib/avr5/memx-const\libm.a(fp_split3.o)
                              c:/program files/microchip/xc8/v2.31/avr/bin/../lib/gcc/avr/5.4.0/../../../../avr/lib/avr5/memx-const\libm.a(addsf3x.o) (__fp_split3)
c:/program files/microchip/xc8/v2.31/avr/bin/../lib/gcc/avr/5.4.0/../../../../avr/lib/avr5/memx-const\libm.a(fp_zero.o)
                              c:/program files/microchip/xc8/v2.31/avr/bin/../lib/gcc/avr/5.4.0/../../../../avr/lib/avr5/memx-const\libm.a(addsf3x.o) (__fp_zero)
c:/program files/microchip/xc8/v2.31/avr/bin/../lib/gcc/avr/5.4.0/../../../../avr/lib/avr5/memx-const\libm.a(mulsf3.o)
                              Motors/Motors.o (__mulsf3)
c:/program files/microchip/xc8/v2.31/avr/bin/../lib/gcc/avr/5.4.0/../../../../avr/lib/avr5/memx-const\libm.a(mulsf3x.o)
                              c:/program files/microchip/xc8/v2.31/avr/bin/../lib/gcc/avr/5.4.0/../../../../avr/lib/avr5/memx-const\libm.a(mulsf3.o) (__mulsf3x)
c:/program files/microchip/xc8/v2.31/avr/bin/../lib/gcc/avr/5.4.0/avr5/memx-const\libgcc.a(_divmodhi4.o)
                              LCD/LCD.o (__divmodhi4)
c:/program files/microchip/xc8/v2.31/avr/bin/../lib/gcc/avr/5.4.0/avr5/memx-const\libgcc.a(_udivmodsi4.o)
                              I2C/I2C.o (__udivmodsi4)
c:/program files/microchip/xc8/v2.31/avr/bin/../lib/gcc/avr/5.4.0/avr5/memx-const\libgcc.a(_divmodsi4.o)
                              LCD/LCD.o (__divmodsi4)
c:/program files/microchip/xc8/v2.31/avr/bin/../lib/gcc/avr/5.4.0/avr5/memx-const\libgcc.a(_negsi2.o)
                              c:/program files/microchip/xc8/v2.31/avr/bin/../lib/gcc/avr/5.4.0/avr5/memx-const\libgcc.a(_divmodsi4.o) (__negsi2)
c:/program files/microchip/xc8/v2.31/avr/bin/../lib/gcc/avr/5.4.0/avr5/memx-const\libgcc.a(_exit.o)
                              C:/Program Files (x86)/Atmel/Studio/7.0/Packs/atmel/ATmega_DFP/1.6.364/xc8/avr/lib/avr5/memx-const/crtatmega16.o (exit)
c:/program files/microchip/xc8/v2.31/avr/bin/../lib/gcc/avr/5.4.0/avr5/memx-const\libgcc.a(_tablejump2.o)
                              DIO/DIO.o (__tablejump2__)
c:/program files/microchip/xc8/v2.31/avr/bin/../lib/gcc/avr/5.4.0/avr5/memx-const\libgcc.a(_copy_data.o)
                              KeyPad/KeyPad.o (__do_copy_data)
c:/program files/microchip/xc8/v2.31/avr/bin/../lib/gcc/avr/5.4.0/avr5/memx-const\libgcc.a(_umulhisi3.o)
                              Ultra_Sonic/Ultra_Sonic.o (__umulhisi3)
c:/program files/microchip/xc8/v2.31/avr/bin/../lib/gcc/avr/5.4.0/avr5/memx-const\libgcc.a(_udivmodhi4.o)
                              c:/program files/microchip/xc8/v2.31/avr/bin/../lib/gcc/avr/5.4.0/avr5/memx-const\libgcc.a(_divmodhi4.o) (__udivmodhi4)

Discarded input sections

 .data          0x0000000000000000        0x0 C:/Program Files (x86)/Atmel/Studio/7.0/Packs/atmel/ATmega_DFP/1.6.364/xc8/avr/lib/avr5/memx-const/crtatmega16.o
 .bss           0x0000000000000000        0x0 C:/Program Files (x86)/Atmel/Studio/7.0/Packs/atmel/ATmega_DFP/1.6.364/xc8/avr/lib/avr5/memx-const/crtatmega16.o
 .text          0x0000000000000000        0x0 7_SEG/7_SEG.o
 .data          0x0000000000000000        0x0 7_SEG/7_SEG.o
 .bss           0x0000000000000000        0x0 7_SEG/7_SEG.o
 .text.seven_SEG_initialize
                0x0000000000000000        0x8 7_SEG/7_SEG.o
 .text.seven_SEG_initialize_least4bit
                0x0000000000000000       0x2e 7_SEG/7_SEG.o
 .text.seven_SEG_initialize_most4bit
                0x0000000000000000       0x2e 7_SEG/7_SEG.o
 .text.seven_SEG_write
                0x0000000000000000       0xf8 7_SEG/7_SEG.o
 .text.seven_SEG_off
                0x0000000000000000       0x14 7_SEG/7_SEG.o
 .text.BCD_seven_SEG_write_least
                0x0000000000000000       0x5a 7_SEG/7_SEG.o
 .text.BCD_seven_SEG_write_off_least
                0x0000000000000000       0x2e 7_SEG/7_SEG.o
 .text.BCD_seven_SEG_write_most
                0x0000000000000000       0x5a 7_SEG/7_SEG.o
 .text.BCD_seven_SEG_write_off_most
                0x0000000000000000       0x2e 7_SEG/7_SEG.o
 .debug_info    0x0000000000000000      0x8e3 7_SEG/7_SEG.o
 .debug_abbrev  0x0000000000000000       0xb4 7_SEG/7_SEG.o
 .debug_loc     0x0000000000000000      0x8cf 7_SEG/7_SEG.o
 .debug_aranges
                0x0000000000000000       0x60 7_SEG/7_SEG.o
 .debug_ranges  0x0000000000000000       0x50 7_SEG/7_SEG.o
 .debug_line    0x0000000000000000      0x2e3 7_SEG/7_SEG.o
 .debug_str     0x0000000000000000       0x4a 7_SEG/7_SEG.o
 .comment       0x0000000000000000       0x30 7_SEG/7_SEG.o
 .debug_frame   0x0000000000000000       0xdc 7_SEG/7_SEG.o
 .text          0x0000000000000000        0x0 ADC/ADC.o
 .data          0x0000000000000000        0x0 ADC/ADC.o
 .bss           0x0000000000000000        0x0 ADC/ADC.o
 .text.ADC_intialize
                0x0000000000000000       0x2e ADC/ADC.o
 .text.ADC_read
                0x0000000000000000       0x18 ADC/ADC.o
 .debug_info    0x0000000000000000      0x2bc ADC/ADC.o
 .debug_abbrev  0x0000000000000000       0x82 ADC/ADC.o
 .debug_loc     0x0000000000000000       0x58 ADC/ADC.o
 .debug_aranges
                0x0000000000000000       0x28 ADC/ADC.o
 .debug_ranges  0x0000000000000000       0x18 ADC/ADC.o
 .debug_line    0x0000000000000000       0xdd ADC/ADC.o
 .debug_str     0x0000000000000000        0x0 ADC/ADC.o
 .comment       0x0000000000000000       0x30 ADC/ADC.o
 .debug_frame   0x0000000000000000       0x34 ADC/ADC.o
 .text          0x0000000000000000        0x0 DHT11/DHT11.o
 .data          0x0000000000000000        0x0 DHT11/DHT11.o
 .bss           0x0000000000000000        0x0 DHT11/DHT11.o
 .text.DHT11_initialize
                0x0000000000000000        0x8 DHT11/DHT11.o
 .text          0x0000000000000000        0x0 DIO/DIO.o
 .data          0x0000000000000000        0x0 DIO/DIO.o
 .bss           0x0000000000000000        0x0 DIO/DIO.o
 .text.DIO_tog_bit
                0x0000000000000000       0x6e DIO/DIO.o
 .progmem.gcc_sw_table.DIO_tog_bit
                0x0000000000000000       0x48 DIO/DIO.o
 .text.DIO_read_pin_u8
                0x0000000000000000       0x28 DIO/DIO.o
 .progmem.gcc_sw_table.DIO_read_pin_u8
                0x0000000000000000       0x48 DIO/DIO.o
 .text.DIO_tog_port
                0x0000000000000000       0x36 DIO/DIO.o
 .progmem.gcc_sw_table.DIO_tog_port
                0x0000000000000000       0x48 DIO/DIO.o
 .text.DIO_internal_pullup_enable
                0x0000000000000000       0x98 DIO/DIO.o
 .progmem.gcc_sw_table.DIO_internal_pullup_enable
                0x0000000000000000       0x48 DIO/DIO.o
 .text.DIO_internal_pullup_disable
                0x0000000000000000       0x98 DIO/DIO.o
 .progmem.gcc_sw_table.DIO_internal_pullup_disable
                0x0000000000000000       0x48 DIO/DIO.o
 .text.DIO_write_Low_4bits_port
                0x0000000000000000       0x5a DIO/DIO.o
 .text.DIO_write_Most_4bits_port
                0x0000000000000000       0x5a DIO/DIO.o
 .text          0x0000000000000000        0x0 EEPROM/EEPROM.o
 .data          0x0000000000000000        0x0 EEPROM/EEPROM.o
 .bss           0x0000000000000000        0x0 EEPROM/EEPROM.o
 .text.EEPROM_write
                0x0000000000000000       0x18 EEPROM/EEPROM.o
 .text.EEPROM_read
                0x0000000000000000        0xe EEPROM/EEPROM.o
 .debug_info    0x0000000000000000      0x2e1 EEPROM/EEPROM.o
 .debug_abbrev  0x0000000000000000       0x80 EEPROM/EEPROM.o
 .debug_loc     0x0000000000000000       0x4c EEPROM/EEPROM.o
 .debug_aranges
                0x0000000000000000       0x28 EEPROM/EEPROM.o
 .debug_ranges  0x0000000000000000       0x18 EEPROM/EEPROM.o
 .debug_line    0x0000000000000000       0xdd EEPROM/EEPROM.o
 .debug_str     0x0000000000000000        0x0 EEPROM/EEPROM.o
 .comment       0x0000000000000000       0x30 EEPROM/EEPROM.o
 .debug_frame   0x0000000000000000       0x34 EEPROM/EEPROM.o
 .text          0x0000000000000000        0x0 I2C/I2C.o
 .data          0x0000000000000000        0x0 I2C/I2C.o
 .bss           0x0000000000000000        0x0 I2C/I2C.o
 .text.I2C_master_initialize
                0x0000000000000000       0x28 I2C/I2C.o
 .text.I2C_start
                0x0000000000000000       0x14 I2C/I2C.o
 .text.I2C__repeated_start
                0x0000000000000000       0x14 I2C/I2C.o
 .text.I2C_write_adress
                0x0000000000000000       0x16 I2C/I2C.o
 .text.I2C_write_adress_and_read
                0x0000000000000000       0x16 I2C/I2C.o
 .text.I2C_write_data
                0x0000000000000000       0x16 I2C/I2C.o
 .text.I2C_stop
                0x0000000000000000        0x6 I2C/I2C.o
 .text.I2C_set_adress
                0x0000000000000000        0x4 I2C/I2C.o
 .text.I2C_slave_read
                0x0000000000000000       0x28 I2C/I2C.o
 .text.I2C_slave_read_with_non_ACH
                0x0000000000000000       0x16 I2C/I2C.o
 .debug_info    0x0000000000000000      0x423 I2C/I2C.o
 .debug_abbrev  0x0000000000000000       0xa7 I2C/I2C.o
 .debug_loc     0x0000000000000000       0xc9 I2C/I2C.o
 .debug_aranges
                0x0000000000000000       0x68 I2C/I2C.o
 .debug_ranges  0x0000000000000000       0x58 I2C/I2C.o
 .debug_line    0x0000000000000000      0x241 I2C/I2C.o
 .debug_str     0x0000000000000000       0x1a I2C/I2C.o
 .comment       0x0000000000000000       0x30 I2C/I2C.o
 .debug_frame   0x0000000000000000       0xb4 I2C/I2C.o
 .text          0x0000000000000000        0x0 INT/INT.o
 .data          0x0000000000000000        0x0 INT/INT.o
 .bss           0x0000000000000000        0x0 INT/INT.o
 .debug_line    0x0000000000000000        0x0 INT/INT.o
 .debug_str     0x0000000000000000        0x0 INT/INT.o
 .comment       0x0000000000000000       0x30 INT/INT.o
 .text          0x0000000000000000        0x0 KeyPad/KeyPad.o
 .data          0x0000000000000000        0x0 KeyPad/KeyPad.o
 .bss           0x0000000000000000        0x0 KeyPad/KeyPad.o
 .text.KeyPad_intialize
                0x0000000000000000       0x4e KeyPad/KeyPad.o
 .rodata        0x0000000000000000       0x10 KeyPad/KeyPad.o
 .text.KeyPad_read
                0x0000000000000000       0xcc KeyPad/KeyPad.o
 .debug_info    0x0000000000000000      0x44d KeyPad/KeyPad.o
 .debug_abbrev  0x0000000000000000       0xcc KeyPad/KeyPad.o
 .debug_loc     0x0000000000000000      0x15e KeyPad/KeyPad.o
 .debug_aranges
                0x0000000000000000       0x28 KeyPad/KeyPad.o
 .debug_ranges  0x0000000000000000       0x18 KeyPad/KeyPad.o
 .debug_line    0x0000000000000000      0x120 KeyPad/KeyPad.o
 .debug_str     0x0000000000000000       0x49 KeyPad/KeyPad.o
 .comment       0x0000000000000000       0x30 KeyPad/KeyPad.o
 .debug_frame   0x0000000000000000       0x60 KeyPad/KeyPad.o
 .text          0x0000000000000000        0x0 LCD/LCD.o
 .data          0x0000000000000000        0x0 LCD/LCD.o
 .bss           0x0000000000000000        0x0 LCD/LCD.o
 .text.LCD_send_float
                0x0000000000000000       0xbc LCD/LCD.o
 .text.LCD_send_char_4bit_mode
                0x0000000000000000      0x114 LCD/LCD.o
 .text.LCD_send_cmd_4bit_mode
                0x0000000000000000      0x114 LCD/LCD.o
 .text.LCD_inatialize_4bit_mode
                0x0000000000000000      0x1b0 LCD/LCD.o
 .text.LCD_display_custom_char
                0x0000000000000000       0x12 LCD/LCD.o
 .text.LCD_save_custom_char
                0x0000000000000000       0x84 LCD/LCD.o
 .text          0x0000000000000000        0x0 LED/LED.o
 .data          0x0000000000000000        0x0 LED/LED.o
 .bss           0x0000000000000000        0x0 LED/LED.o
 .text.LED_initialize
                0x0000000000000000        0x8 LED/LED.o
 .text.LED_on   0x0000000000000000        0x8 LED/LED.o
 .text.LED_off  0x0000000000000000        0x8 LED/LED.o
 .text.LED_tog  0x0000000000000000        0x6 LED/LED.o
 .text.LED_read_stat
                0x0000000000000000        0x6 LED/LED.o
 .debug_info    0x0000000000000000      0x3ca LED/LED.o
 .debug_abbrev  0x0000000000000000       0x9e LED/LED.o
 .debug_loc     0x0000000000000000      0x14a LED/LED.o
 .debug_aranges
                0x0000000000000000       0x40 LED/LED.o
 .debug_ranges  0x0000000000000000       0x30 LED/LED.o
 .debug_line    0x0000000000000000       0xf4 LED/LED.o
 .debug_str     0x0000000000000000       0x42 LED/LED.o
 .comment       0x0000000000000000       0x30 LED/LED.o
 .debug_frame   0x0000000000000000       0x64 LED/LED.o
 .text          0x0000000000000000        0x0 main.o
 .data          0x0000000000000000        0x0 main.o
 .bss           0x0000000000000000        0x0 main.o
 .text          0x0000000000000000        0x0 BUTTON/BUTTON.o
 .data          0x0000000000000000        0x0 BUTTON/BUTTON.o
 .bss           0x0000000000000000        0x0 BUTTON/BUTTON.o
 .text.BUTTON_initialize
                0x0000000000000000        0x8 BUTTON/BUTTON.o
 .text.BUTTON_read_u8
                0x0000000000000000        0x6 BUTTON/BUTTON.o
 .debug_info    0x0000000000000000      0x2b7 BUTTON/BUTTON.o
 .debug_abbrev  0x0000000000000000       0x8f BUTTON/BUTTON.o
 .debug_loc     0x0000000000000000       0x84 BUTTON/BUTTON.o
 .debug_aranges
                0x0000000000000000       0x28 BUTTON/BUTTON.o
 .debug_ranges  0x0000000000000000       0x18 BUTTON/BUTTON.o
 .debug_line    0x0000000000000000       0xb8 BUTTON/BUTTON.o
 .debug_str     0x0000000000000000       0x20 BUTTON/BUTTON.o
 .comment       0x0000000000000000       0x30 BUTTON/BUTTON.o
 .debug_frame   0x0000000000000000       0x34 BUTTON/BUTTON.o
 .text          0x0000000000000000        0x0 Motors/Motors.o
 .data          0x0000000000000000        0x0 Motors/Motors.o
 .bss           0x0000000000000000        0x0 Motors/Motors.o
 .text.Servo_motor_angle
                0x0000000000000000       0x1e Motors/Motors.o
 .debug_info    0x0000000000000000      0x2a4 Motors/Motors.o
 .debug_abbrev  0x0000000000000000       0x7f Motors/Motors.o
 .debug_loc     0x0000000000000000       0x2f Motors/Motors.o
 .debug_aranges
                0x0000000000000000       0x20 Motors/Motors.o
 .debug_ranges  0x0000000000000000       0x10 Motors/Motors.o
 .debug_line    0x0000000000000000       0x46 Motors/Motors.o
 .debug_str     0x0000000000000000       0x15 Motors/Motors.o
 .comment       0x0000000000000000       0x30 Motors/Motors.o
 .debug_frame   0x0000000000000000       0x24 Motors/Motors.o
 .text          0x0000000000000000        0x0 SPI/SPI.o
 .data          0x0000000000000000        0x0 SPI/SPI.o
 .bss           0x0000000000000000        0x0 SPI/SPI.o
 .text.SPI_initialize_as_MASTER
                0x0000000000000000       0x5a SPI/SPI.o
 .text.SPI_initialize_as_SLAVE
                0x0000000000000000       0x18 SPI/SPI.o
 .text.SPI_master_send_data
                0x0000000000000000       0x20 SPI/SPI.o
 .text.SPI_slave_receive_data
                0x0000000000000000        0xa SPI/SPI.o
 .text.SPI_master_send_String
                0x0000000000000000       0x3e SPI/SPI.o
 .debug_info    0x0000000000000000      0x5a0 SPI/SPI.o
 .debug_abbrev  0x0000000000000000      0x17c SPI/SPI.o
 .debug_loc     0x0000000000000000      0x11d SPI/SPI.o
 .debug_aranges
                0x0000000000000000       0x40 SPI/SPI.o
 .debug_ranges  0x0000000000000000       0x30 SPI/SPI.o
 .debug_line    0x0000000000000000      0x1a5 SPI/SPI.o
 .debug_str     0x0000000000000000       0x1e SPI/SPI.o
 .comment       0x0000000000000000       0x30 SPI/SPI.o
 .debug_frame   0x0000000000000000       0x7c SPI/SPI.o
 .text          0x0000000000000000        0x0 TIMERS/TIMERS.o
 .data          0x0000000000000000        0x0 TIMERS/TIMERS.o
 .bss           0x0000000000000000        0x0 TIMERS/TIMERS.o
 .text.Timer0_initaialize_CTC_mode_interrupt
                0x0000000000000000       0x2c TIMERS/TIMERS.o
 .text.Timer0_wave_NON_PWM
                0x0000000000000000       0x3a TIMERS/TIMERS.o
 .text.Timer0_wave_Fast_PWM
                0x0000000000000000       0x3a TIMERS/TIMERS.o
 .text.Timer0_wave_Phase_Correct_PWM
                0x0000000000000000       0x3a TIMERS/TIMERS.o
 .text.Timer2_initaialize_CTC_mode_interrupt
                0x0000000000000000       0x2c TIMERS/TIMERS.o
 .text.Timer2_initaialize_OVF_mode_interrupt
                0x0000000000000000       0x2e TIMERS/TIMERS.o
 .text.Timer2_wave_NON_PWM
                0x0000000000000000       0x3a TIMERS/TIMERS.o
 .text.Timer2_wave_Fast_PWM
                0x0000000000000000       0x3a TIMERS/TIMERS.o
 .text.Timer2_wave_Phase_Correct_PWM
                0x0000000000000000       0x3a TIMERS/TIMERS.o
 .text.Timer1_wave_fast_PWM
                0x0000000000000000       0x76 TIMERS/TIMERS.o
 .debug_info    0x0000000000000000      0x520 TIMERS/TIMERS.o
 .debug_abbrev  0x0000000000000000       0xb2 TIMERS/TIMERS.o
 .debug_loc     0x0000000000000000       0x8e TIMERS/TIMERS.o
 .debug_aranges
                0x0000000000000000       0x68 TIMERS/TIMERS.o
 .debug_ranges  0x0000000000000000       0x58 TIMERS/TIMERS.o
 .debug_line    0x0000000000000000      0x354 TIMERS/TIMERS.o
 .debug_str     0x0000000000000000       0x10 TIMERS/TIMERS.o
 .comment       0x0000000000000000       0x30 TIMERS/TIMERS.o
 .debug_frame   0x0000000000000000       0xc8 TIMERS/TIMERS.o
 .text          0x0000000000000000        0x0 Ultra_Sonic/Ultra_Sonic.o
 .data          0x0000000000000000        0x0 Ultra_Sonic/Ultra_Sonic.o
 .bss           0x0000000000000000        0x0 Ultra_Sonic/Ultra_Sonic.o
 .text.ULTRA_SONIC_inatialize
                0x0000000000000000        0xe Ultra_Sonic/Ultra_Sonic.o
 .text.ULTRA_SONIC_read
                0x0000000000000000       0x86 Ultra_Sonic/Ultra_Sonic.o
 .debug_info    0x0000000000000000      0x496 Ultra_Sonic/Ultra_Sonic.o
 .debug_abbrev  0x0000000000000000      0x150 Ultra_Sonic/Ultra_Sonic.o
 .debug_loc     0x0000000000000000      0x1a7 Ultra_Sonic/Ultra_Sonic.o
 .debug_aranges
                0x0000000000000000       0x28 Ultra_Sonic/Ultra_Sonic.o
 .debug_ranges  0x0000000000000000       0x18 Ultra_Sonic/Ultra_Sonic.o
 .debug_line    0x0000000000000000      0x15a Ultra_Sonic/Ultra_Sonic.o
 .debug_str     0x0000000000000000       0x27 Ultra_Sonic/Ultra_Sonic.o
 .comment       0x0000000000000000       0x30 Ultra_Sonic/Ultra_Sonic.o
 .debug_frame   0x0000000000000000       0x48 Ultra_Sonic/Ultra_Sonic.o
 .text          0x0000000000000000        0x0 USART/USART.o
 .data          0x0000000000000000        0x0 USART/USART.o
 .bss           0x0000000000000000        0x0 USART/USART.o
 .text.USART_intialize
                0x0000000000000000       0x4e USART/USART.o
 .text.USART_send_data
                0x0000000000000000        0x8 USART/USART.o
 .text.USART_read_data
                0x0000000000000000        0x8 USART/USART.o
 .text.USART_send_string
                0x0000000000000000       0x3e USART/USART.o
 .debug_info    0x0000000000000000      0x416 USART/USART.o
 .debug_abbrev  0x0000000000000000      0x12e USART/USART.o
 .debug_loc     0x0000000000000000       0xde USART/USART.o
 .debug_aranges
                0x0000000000000000       0x38 USART/USART.o
 .debug_ranges  0x0000000000000000       0x28 USART/USART.o
 .debug_line    0x0000000000000000      0x168 USART/USART.o
 .debug_str     0x0000000000000000        0x0 USART/USART.o
 .comment       0x0000000000000000       0x30 USART/USART.o
 .debug_frame   0x0000000000000000       0x64 USART/USART.o
 .text          0x0000000000000000        0x0 c:/program files/microchip/xc8/v2.31/avr/bin/../lib/gcc/avr/5.4.0/../../../../avr/lib/avr5/memx-const\libm.a(addsf3.o)
 .data          0x0000000000000000        0x0 c:/program files/microchip/xc8/v2.31/avr/bin/../lib/gcc/avr/5.4.0/../../../../avr/lib/avr5/memx-const\libm.a(addsf3.o)
 .bss           0x0000000000000000        0x0 c:/program files/microchip/xc8/v2.31/avr/bin/../lib/gcc/avr/5.4.0/../../../../avr/lib/avr5/memx-const\libm.a(addsf3.o)
 .text.avrlibc.fplib
                0x0000000000000000        0xe c:/program files/microchip/xc8/v2.31/avr/bin/../lib/gcc/avr/5.4.0/../../../../avr/lib/avr5/memx-const\libm.a(addsf3.o)
 .text          0x0000000000000000        0x0 c:/program files/microchip/xc8/v2.31/avr/bin/../lib/gcc/avr/5.4.0/../../../../avr/lib/avr5/memx-const\libm.a(addsf3x.o)
 .data          0x0000000000000000        0x0 c:/program files/microchip/xc8/v2.31/avr/bin/../lib/gcc/avr/5.4.0/../../../../avr/lib/avr5/memx-const\libm.a(addsf3x.o)
 .bss           0x0000000000000000        0x0 c:/program files/microchip/xc8/v2.31/avr/bin/../lib/gcc/avr/5.4.0/../../../../avr/lib/avr5/memx-const\libm.a(addsf3x.o)
 .text.avrlibc.fplib
                0x0000000000000000       0xce c:/program files/microchip/xc8/v2.31/avr/bin/../lib/gcc/avr/5.4.0/../../../../avr/lib/avr5/memx-const\libm.a(addsf3x.o)
 .text          0x0000000000000000        0x0 c:/program files/microchip/xc8/v2.31/avr/bin/../lib/gcc/avr/5.4.0/../../../../avr/lib/avr5/memx-const\libm.a(fixunssfsi.o)
 .data          0x0000000000000000        0x0 c:/program files/microchip/xc8/v2.31/avr/bin/../lib/gcc/avr/5.4.0/../../../../avr/lib/avr5/memx-const\libm.a(fixunssfsi.o)
 .bss           0x0000000000000000        0x0 c:/program files/microchip/xc8/v2.31/avr/bin/../lib/gcc/avr/5.4.0/../../../../avr/lib/avr5/memx-const\libm.a(fixunssfsi.o)
 .text.avrlibc.fplib
                0x0000000000000000       0x5e c:/program files/microchip/xc8/v2.31/avr/bin/../lib/gcc/avr/5.4.0/../../../../avr/lib/avr5/memx-const\libm.a(fixunssfsi.o)
 .text          0x0000000000000000        0x0 c:/program files/microchip/xc8/v2.31/avr/bin/../lib/gcc/avr/5.4.0/../../../../avr/lib/avr5/memx-const\libm.a(floatsisf.o)
 .data          0x0000000000000000        0x0 c:/program files/microchip/xc8/v2.31/avr/bin/../lib/gcc/avr/5.4.0/../../../../avr/lib/avr5/memx-const\libm.a(floatsisf.o)
 .bss           0x0000000000000000        0x0 c:/program files/microchip/xc8/v2.31/avr/bin/../lib/gcc/avr/5.4.0/../../../../avr/lib/avr5/memx-const\libm.a(floatsisf.o)
 .text.avrlibc.fplib
                0x0000000000000000       0x7a c:/program files/microchip/xc8/v2.31/avr/bin/../lib/gcc/avr/5.4.0/../../../../avr/lib/avr5/memx-const\libm.a(floatsisf.o)
 .text          0x0000000000000000        0x0 c:/program files/microchip/xc8/v2.31/avr/bin/../lib/gcc/avr/5.4.0/../../../../avr/lib/avr5/memx-const\libm.a(fp_inf.o)
 .data          0x0000000000000000        0x0 c:/program files/microchip/xc8/v2.31/avr/bin/../lib/gcc/avr/5.4.0/../../../../avr/lib/avr5/memx-const\libm.a(fp_inf.o)
 .bss           0x0000000000000000        0x0 c:/program files/microchip/xc8/v2.31/avr/bin/../lib/gcc/avr/5.4.0/../../../../avr/lib/avr5/memx-const\libm.a(fp_inf.o)
 .text.avrlibc.fplib
                0x0000000000000000        0xc c:/program files/microchip/xc8/v2.31/avr/bin/../lib/gcc/avr/5.4.0/../../../../avr/lib/avr5/memx-const\libm.a(fp_inf.o)
 .text          0x0000000000000000        0x0 c:/program files/microchip/xc8/v2.31/avr/bin/../lib/gcc/avr/5.4.0/../../../../avr/lib/avr5/memx-const\libm.a(fp_nan.o)
 .data          0x0000000000000000        0x0 c:/program files/microchip/xc8/v2.31/avr/bin/../lib/gcc/avr/5.4.0/../../../../avr/lib/avr5/memx-const\libm.a(fp_nan.o)
 .bss           0x0000000000000000        0x0 c:/program files/microchip/xc8/v2.31/avr/bin/../lib/gcc/avr/5.4.0/../../../../avr/lib/avr5/memx-const\libm.a(fp_nan.o)
 .text.avrlibc.fplib
                0x0000000000000000        0x6 c:/program files/microchip/xc8/v2.31/avr/bin/../lib/gcc/avr/5.4.0/../../../../avr/lib/avr5/memx-const\libm.a(fp_nan.o)
 .text          0x0000000000000000        0x0 c:/program files/microchip/xc8/v2.31/avr/bin/../lib/gcc/avr/5.4.0/../../../../avr/lib/avr5/memx-const\libm.a(fp_pscA.o)
 .data          0x0000000000000000        0x0 c:/program files/microchip/xc8/v2.31/avr/bin/../lib/gcc/avr/5.4.0/../../../../avr/lib/avr5/memx-const\libm.a(fp_pscA.o)
 .bss           0x0000000000000000        0x0 c:/program files/microchip/xc8/v2.31/avr/bin/../lib/gcc/avr/5.4.0/../../../../avr/lib/avr5/memx-const\libm.a(fp_pscA.o)
 .text.avrlibc.fplib
                0x0000000000000000        0xe c:/program files/microchip/xc8/v2.31/avr/bin/../lib/gcc/avr/5.4.0/../../../../avr/lib/avr5/memx-const\libm.a(fp_pscA.o)
 .text          0x0000000000000000        0x0 c:/program files/microchip/xc8/v2.31/avr/bin/../lib/gcc/avr/5.4.0/../../../../avr/lib/avr5/memx-const\libm.a(fp_pscB.o)
 .data          0x0000000000000000        0x0 c:/program files/microchip/xc8/v2.31/avr/bin/../lib/gcc/avr/5.4.0/../../../../avr/lib/avr5/memx-const\libm.a(fp_pscB.o)
 .bss           0x0000000000000000        0x0 c:/program files/microchip/xc8/v2.31/avr/bin/../lib/gcc/avr/5.4.0/../../../../avr/lib/avr5/memx-const\libm.a(fp_pscB.o)
 .text.avrlibc.fplib
                0x0000000000000000        0xe c:/program files/microchip/xc8/v2.31/avr/bin/../lib/gcc/avr/5.4.0/../../../../avr/lib/avr5/memx-const\libm.a(fp_pscB.o)
 .text          0x0000000000000000        0x0 c:/program files/microchip/xc8/v2.31/avr/bin/../lib/gcc/avr/5.4.0/../../../../avr/lib/avr5/memx-const\libm.a(fp_round.o)
 .data          0x0000000000000000        0x0 c:/program files/microchip/xc8/v2.31/avr/bin/../lib/gcc/avr/5.4.0/../../../../avr/lib/avr5/memx-const\libm.a(fp_round.o)
 .bss           0x0000000000000000        0x0 c:/program files/microchip/xc8/v2.31/avr/bin/../lib/gcc/avr/5.4.0/../../../../avr/lib/avr5/memx-const\libm.a(fp_round.o)
 .text.avrlibc.fplib
                0x0000000000000000       0x22 c:/program files/microchip/xc8/v2.31/avr/bin/../lib/gcc/avr/5.4.0/../../../../avr/lib/avr5/memx-const\libm.a(fp_round.o)
 .text          0x0000000000000000        0x0 c:/program files/microchip/xc8/v2.31/avr/bin/../lib/gcc/avr/5.4.0/../../../../avr/lib/avr5/memx-const\libm.a(fp_split3.o)
 .data          0x0000000000000000        0x0 c:/program files/microchip/xc8/v2.31/avr/bin/../lib/gcc/avr/5.4.0/../../../../avr/lib/avr5/memx-const\libm.a(fp_split3.o)
 .bss           0x0000000000000000        0x0 c:/program files/microchip/xc8/v2.31/avr/bin/../lib/gcc/avr/5.4.0/../../../../avr/lib/avr5/memx-const\libm.a(fp_split3.o)
 .text.avrlibc.fplib
                0x0000000000000000       0x44 c:/program files/microchip/xc8/v2.31/avr/bin/../lib/gcc/avr/5.4.0/../../../../avr/lib/avr5/memx-const\libm.a(fp_split3.o)
 .text          0x0000000000000000        0x0 c:/program files/microchip/xc8/v2.31/avr/bin/../lib/gcc/avr/5.4.0/../../../../avr/lib/avr5/memx-const\libm.a(fp_zero.o)
 .data          0x0000000000000000        0x0 c:/program files/microchip/xc8/v2.31/avr/bin/../lib/gcc/avr/5.4.0/../../../../avr/lib/avr5/memx-const\libm.a(fp_zero.o)
 .bss           0x0000000000000000        0x0 c:/program files/microchip/xc8/v2.31/avr/bin/../lib/gcc/avr/5.4.0/../../../../avr/lib/avr5/memx-const\libm.a(fp_zero.o)
 .text.avrlibc.fplib
                0x0000000000000000        0xe c:/program files/microchip/xc8/v2.31/avr/bin/../lib/gcc/avr/5.4.0/../../../../avr/lib/avr5/memx-const\libm.a(fp_zero.o)
 .text          0x0000000000000000        0x0 c:/program files/microchip/xc8/v2.31/avr/bin/../lib/gcc/avr/5.4.0/../../../../avr/lib/avr5/memx-const\libm.a(mulsf3.o)
 .data          0x0000000000000000        0x0 c:/program files/microchip/xc8/v2.31/avr/bin/../lib/gcc/avr/5.4.0/../../../../avr/lib/avr5/memx-const\libm.a(mulsf3.o)
 .bss           0x0000000000000000        0x0 c:/program files/microchip/xc8/v2.31/avr/bin/../lib/gcc/avr/5.4.0/../../../../avr/lib/avr5/memx-const\libm.a(mulsf3.o)
 .text.avrlibc.fplib
                0x0000000000000000        0x8 c:/program files/microchip/xc8/v2.31/avr/bin/../lib/gcc/avr/5.4.0/../../../../avr/lib/avr5/memx-const\libm.a(mulsf3.o)
 .text          0x0000000000000000        0x0 c:/program files/microchip/xc8/v2.31/avr/bin/../lib/gcc/avr/5.4.0/../../../../avr/lib/avr5/memx-const\libm.a(mulsf3x.o)
 .data          0x0000000000000000        0x0 c:/program files/microchip/xc8/v2.31/avr/bin/../lib/gcc/avr/5.4.0/../../../../avr/lib/avr5/memx-const\libm.a(mulsf3x.o)
 .bss           0x0000000000000000        0x0 c:/program files/microchip/xc8/v2.31/avr/bin/../lib/gcc/avr/5.4.0/../../../../avr/lib/avr5/memx-const\libm.a(mulsf3x.o)
 .text.avrlibc.fplib
                0x0000000000000000       0xd4 c:/program files/microchip/xc8/v2.31/avr/bin/../lib/gcc/avr/5.4.0/../../../../avr/lib/avr5/memx-const\libm.a(mulsf3x.o)
 .text          0x0000000000000000        0x0 c:/program files/microchip/xc8/v2.31/avr/bin/../lib/gcc/avr/5.4.0/avr5/memx-const\libgcc.a(_divmodhi4.o)
 .data          0x0000000000000000        0x0 c:/program files/microchip/xc8/v2.31/avr/bin/../lib/gcc/avr/5.4.0/avr5/memx-const\libgcc.a(_divmodhi4.o)
 .bss           0x0000000000000000        0x0 c:/program files/microchip/xc8/v2.31/avr/bin/../lib/gcc/avr/5.4.0/avr5/memx-const\libgcc.a(_divmodhi4.o)
 .text.libgcc.mul
                0x0000000000000000        0x0 c:/program files/microchip/xc8/v2.31/avr/bin/../lib/gcc/avr/5.4.0/avr5/memx-const\libgcc.a(_divmodhi4.o)
 .text.libgcc.div
                0x0000000000000000       0x28 c:/program files/microchip/xc8/v2.31/avr/bin/../lib/gcc/avr/5.4.0/avr5/memx-const\libgcc.a(_divmodhi4.o)
 .text.libgcc   0x0000000000000000        0x0 c:/program files/microchip/xc8/v2.31/avr/bin/../lib/gcc/avr/5.4.0/avr5/memx-const\libgcc.a(_divmodhi4.o)
 .text.libgcc.prologue
                0x0000000000000000        0x0 c:/program files/microchip/xc8/v2.31/avr/bin/../lib/gcc/avr/5.4.0/avr5/memx-const\libgcc.a(_divmodhi4.o)
 .text.libgcc.builtins
                0x0000000000000000        0x0 c:/program files/microchip/xc8/v2.31/avr/bin/../lib/gcc/avr/5.4.0/avr5/memx-const\libgcc.a(_divmodhi4.o)
 .text.libgcc.fmul
                0x0000000000000000        0x0 c:/program files/microchip/xc8/v2.31/avr/bin/../lib/gcc/avr/5.4.0/avr5/memx-const\libgcc.a(_divmodhi4.o)
 .text.libgcc.fixed
                0x0000000000000000        0x0 c:/program files/microchip/xc8/v2.31/avr/bin/../lib/gcc/avr/5.4.0/avr5/memx-const\libgcc.a(_divmodhi4.o)
 .text          0x0000000000000000        0x0 c:/program files/microchip/xc8/v2.31/avr/bin/../lib/gcc/avr/5.4.0/avr5/memx-const\libgcc.a(_udivmodsi4.o)
 .data          0x0000000000000000        0x0 c:/program files/microchip/xc8/v2.31/avr/bin/../lib/gcc/avr/5.4.0/avr5/memx-const\libgcc.a(_udivmodsi4.o)
 .bss           0x0000000000000000        0x0 c:/program files/microchip/xc8/v2.31/avr/bin/../lib/gcc/avr/5.4.0/avr5/memx-const\libgcc.a(_udivmodsi4.o)
 .text.libgcc.mul
                0x0000000000000000        0x0 c:/program files/microchip/xc8/v2.31/avr/bin/../lib/gcc/avr/5.4.0/avr5/memx-const\libgcc.a(_udivmodsi4.o)
 .text.libgcc   0x0000000000000000        0x0 c:/program files/microchip/xc8/v2.31/avr/bin/../lib/gcc/avr/5.4.0/avr5/memx-const\libgcc.a(_udivmodsi4.o)
 .text.libgcc.prologue
                0x0000000000000000        0x0 c:/program files/microchip/xc8/v2.31/avr/bin/../lib/gcc/avr/5.4.0/avr5/memx-const\libgcc.a(_udivmodsi4.o)
 .text.libgcc.builtins
                0x0000000000000000        0x0 c:/program files/microchip/xc8/v2.31/avr/bin/../lib/gcc/avr/5.4.0/avr5/memx-const\libgcc.a(_udivmodsi4.o)
 .text.libgcc.fmul
                0x0000000000000000        0x0 c:/program files/microchip/xc8/v2.31/avr/bin/../lib/gcc/avr/5.4.0/avr5/memx-const\libgcc.a(_udivmodsi4.o)
 .text.libgcc.fixed
                0x0000000000000000        0x0 c:/program files/microchip/xc8/v2.31/avr/bin/../lib/gcc/avr/5.4.0/avr5/memx-const\libgcc.a(_udivmodsi4.o)
 .text          0x0000000000000000        0x0 c:/program files/microchip/xc8/v2.31/avr/bin/../lib/gcc/avr/5.4.0/avr5/memx-const\libgcc.a(_divmodsi4.o)
 .data          0x0000000000000000        0x0 c:/program files/microchip/xc8/v2.31/avr/bin/../lib/gcc/avr/5.4.0/avr5/memx-const\libgcc.a(_divmodsi4.o)
 .bss           0x0000000000000000        0x0 c:/program files/microchip/xc8/v2.31/avr/bin/../lib/gcc/avr/5.4.0/avr5/memx-const\libgcc.a(_divmodsi4.o)
 .text.libgcc.mul
                0x0000000000000000        0x0 c:/program files/microchip/xc8/v2.31/avr/bin/../lib/gcc/avr/5.4.0/avr5/memx-const\libgcc.a(_divmodsi4.o)
 .text.libgcc   0x0000000000000000        0x0 c:/program files/microchip/xc8/v2.31/avr/bin/../lib/gcc/avr/5.4.0/avr5/memx-const\libgcc.a(_divmodsi4.o)
 .text.libgcc.prologue
                0x0000000000000000        0x0 c:/program files/microchip/xc8/v2.31/avr/bin/../lib/gcc/avr/5.4.0/avr5/memx-const\libgcc.a(_divmodsi4.o)
 .text.libgcc.builtins
                0x0000000000000000        0x0 c:/program files/microchip/xc8/v2.31/avr/bin/../lib/gcc/avr/5.4.0/avr5/memx-const\libgcc.a(_divmodsi4.o)
 .text.libgcc.fmul
                0x0000000000000000        0x0 c:/program files/microchip/xc8/v2.31/avr/bin/../lib/gcc/avr/5.4.0/avr5/memx-const\libgcc.a(_divmodsi4.o)
 .text.libgcc.fixed
                0x0000000000000000        0x0 c:/program files/microchip/xc8/v2.31/avr/bin/../lib/gcc/avr/5.4.0/avr5/memx-const\libgcc.a(_divmodsi4.o)
 .text          0x0000000000000000        0x0 c:/program files/microchip/xc8/v2.31/avr/bin/../lib/gcc/avr/5.4.0/avr5/memx-const\libgcc.a(_negsi2.o)
 .data          0x0000000000000000        0x0 c:/program files/microchip/xc8/v2.31/avr/bin/../lib/gcc/avr/5.4.0/avr5/memx-const\libgcc.a(_negsi2.o)
 .bss           0x0000000000000000        0x0 c:/program files/microchip/xc8/v2.31/avr/bin/../lib/gcc/avr/5.4.0/avr5/memx-const\libgcc.a(_negsi2.o)
 .text.libgcc.mul
                0x0000000000000000        0x0 c:/program files/microchip/xc8/v2.31/avr/bin/../lib/gcc/avr/5.4.0/avr5/memx-const\libgcc.a(_negsi2.o)
 .text.libgcc   0x0000000000000000        0x0 c:/program files/microchip/xc8/v2.31/avr/bin/../lib/gcc/avr/5.4.0/avr5/memx-const\libgcc.a(_negsi2.o)
 .text.libgcc.prologue
                0x0000000000000000        0x0 c:/program files/microchip/xc8/v2.31/avr/bin/../lib/gcc/avr/5.4.0/avr5/memx-const\libgcc.a(_negsi2.o)
 .text.libgcc.builtins
                0x0000000000000000        0x0 c:/program files/microchip/xc8/v2.31/avr/bin/../lib/gcc/avr/5.4.0/avr5/memx-const\libgcc.a(_negsi2.o)
 .text.libgcc.fmul
                0x0000000000000000        0x0 c:/program files/microchip/xc8/v2.31/avr/bin/../lib/gcc/avr/5.4.0/avr5/memx-const\libgcc.a(_negsi2.o)
 .text.libgcc.fixed
                0x0000000000000000        0x0 c:/program files/microchip/xc8/v2.31/avr/bin/../lib/gcc/avr/5.4.0/avr5/memx-const\libgcc.a(_negsi2.o)
 .text          0x0000000000000000        0x0 c:/program files/microchip/xc8/v2.31/avr/bin/../lib/gcc/avr/5.4.0/avr5/memx-const\libgcc.a(_exit.o)
 .data          0x0000000000000000        0x0 c:/program files/microchip/xc8/v2.31/avr/bin/../lib/gcc/avr/5.4.0/avr5/memx-const\libgcc.a(_exit.o)
 .bss           0x0000000000000000        0x0 c:/program files/microchip/xc8/v2.31/avr/bin/../lib/gcc/avr/5.4.0/avr5/memx-const\libgcc.a(_exit.o)
 .text.libgcc.mul
                0x0000000000000000        0x0 c:/program files/microchip/xc8/v2.31/avr/bin/../lib/gcc/avr/5.4.0/avr5/memx-const\libgcc.a(_exit.o)
 .text.libgcc.div
                0x0000000000000000        0x0 c:/program files/microchip/xc8/v2.31/avr/bin/../lib/gcc/avr/5.4.0/avr5/memx-const\libgcc.a(_exit.o)
 .text.libgcc   0x0000000000000000        0x0 c:/program files/microchip/xc8/v2.31/avr/bin/../lib/gcc/avr/5.4.0/avr5/memx-const\libgcc.a(_exit.o)
 .text.libgcc.prologue
                0x0000000000000000        0x0 c:/program files/microchip/xc8/v2.31/avr/bin/../lib/gcc/avr/5.4.0/avr5/memx-const\libgcc.a(_exit.o)
 .text.libgcc.builtins
                0x0000000000000000        0x0 c:/program files/microchip/xc8/v2.31/avr/bin/../lib/gcc/avr/5.4.0/avr5/memx-const\libgcc.a(_exit.o)
 .text.libgcc.fmul
                0x0000000000000000        0x0 c:/program files/microchip/xc8/v2.31/avr/bin/../lib/gcc/avr/5.4.0/avr5/memx-const\libgcc.a(_exit.o)
 .text.libgcc.fixed
                0x0000000000000000        0x0 c:/program files/microchip/xc8/v2.31/avr/bin/../lib/gcc/avr/5.4.0/avr5/memx-const\libgcc.a(_exit.o)
 .text          0x0000000000000000        0x0 c:/program files/microchip/xc8/v2.31/avr/bin/../lib/gcc/avr/5.4.0/avr5/memx-const\libgcc.a(_tablejump2.o)
 .data          0x0000000000000000        0x0 c:/program files/microchip/xc8/v2.31/avr/bin/../lib/gcc/avr/5.4.0/avr5/memx-const\libgcc.a(_tablejump2.o)
 .bss           0x0000000000000000        0x0 c:/program files/microchip/xc8/v2.31/avr/bin/../lib/gcc/avr/5.4.0/avr5/memx-const\libgcc.a(_tablejump2.o)
 .text.libgcc.mul
                0x0000000000000000        0x0 c:/program files/microchip/xc8/v2.31/avr/bin/../lib/gcc/avr/5.4.0/avr5/memx-const\libgcc.a(_tablejump2.o)
 .text.libgcc.div
                0x0000000000000000        0x0 c:/program files/microchip/xc8/v2.31/avr/bin/../lib/gcc/avr/5.4.0/avr5/memx-const\libgcc.a(_tablejump2.o)
 .text.libgcc.prologue
                0x0000000000000000        0x0 c:/program files/microchip/xc8/v2.31/avr/bin/../lib/gcc/avr/5.4.0/avr5/memx-const\libgcc.a(_tablejump2.o)
 .text.libgcc.builtins
                0x0000000000000000        0x0 c:/program files/microchip/xc8/v2.31/avr/bin/../lib/gcc/avr/5.4.0/avr5/memx-const\libgcc.a(_tablejump2.o)
 .text.libgcc.fmul
                0x0000000000000000        0x0 c:/program files/microchip/xc8/v2.31/avr/bin/../lib/gcc/avr/5.4.0/avr5/memx-const\libgcc.a(_tablejump2.o)
 .text.libgcc.fixed
                0x0000000000000000        0x0 c:/program files/microchip/xc8/v2.31/avr/bin/../lib/gcc/avr/5.4.0/avr5/memx-const\libgcc.a(_tablejump2.o)
 .text          0x0000000000000000        0x0 c:/program files/microchip/xc8/v2.31/avr/bin/../lib/gcc/avr/5.4.0/avr5/memx-const\libgcc.a(_copy_data.o)
 .data          0x0000000000000000        0x0 c:/program files/microchip/xc8/v2.31/avr/bin/../lib/gcc/avr/5.4.0/avr5/memx-const\libgcc.a(_copy_data.o)
 .bss           0x0000000000000000        0x0 c:/program files/microchip/xc8/v2.31/avr/bin/../lib/gcc/avr/5.4.0/avr5/memx-const\libgcc.a(_copy_data.o)
 .text.libgcc.mul
                0x0000000000000000        0x0 c:/program files/microchip/xc8/v2.31/avr/bin/../lib/gcc/avr/5.4.0/avr5/memx-const\libgcc.a(_copy_data.o)
 .text.libgcc.div
                0x0000000000000000        0x0 c:/program files/microchip/xc8/v2.31/avr/bin/../lib/gcc/avr/5.4.0/avr5/memx-const\libgcc.a(_copy_data.o)
 .text.libgcc   0x0000000000000000        0x0 c:/program files/microchip/xc8/v2.31/avr/bin/../lib/gcc/avr/5.4.0/avr5/memx-const\libgcc.a(_copy_data.o)
 .text.libgcc.prologue
                0x0000000000000000        0x0 c:/program files/microchip/xc8/v2.31/avr/bin/../lib/gcc/avr/5.4.0/avr5/memx-const\libgcc.a(_copy_data.o)
 .text.libgcc.builtins
                0x0000000000000000        0x0 c:/program files/microchip/xc8/v2.31/avr/bin/../lib/gcc/avr/5.4.0/avr5/memx-const\libgcc.a(_copy_data.o)
 .text.libgcc.fmul
                0x0000000000000000        0x0 c:/program files/microchip/xc8/v2.31/avr/bin/../lib/gcc/avr/5.4.0/avr5/memx-const\libgcc.a(_copy_data.o)
 .text.libgcc.fixed
                0x0000000000000000        0x0 c:/program files/microchip/xc8/v2.31/avr/bin/../lib/gcc/avr/5.4.0/avr5/memx-const\libgcc.a(_copy_data.o)
 .text          0x0000000000000000        0x0 c:/program files/microchip/xc8/v2.31/avr/bin/../lib/gcc/avr/5.4.0/avr5/memx-const\libgcc.a(_umulhisi3.o)
 .data          0x0000000000000000        0x0 c:/program files/microchip/xc8/v2.31/avr/bin/../lib/gcc/avr/5.4.0/avr5/memx-const\libgcc.a(_umulhisi3.o)
 .bss           0x0000000000000000        0x0 c:/program files/microchip/xc8/v2.31/avr/bin/../lib/gcc/avr/5.4.0/avr5/memx-const\libgcc.a(_umulhisi3.o)
 .text.libgcc.mul
                0x0000000000000000       0x1e c:/program files/microchip/xc8/v2.31/avr/bin/../lib/gcc/avr/5.4.0/avr5/memx-const\libgcc.a(_umulhisi3.o)
 .text.libgcc.div
                0x0000000000000000        0x0 c:/program files/microchip/xc8/v2.31/avr/bin/../lib/gcc/avr/5.4.0/avr5/memx-const\libgcc.a(_umulhisi3.o)
 .text.libgcc   0x0000000000000000        0x0 c:/program files/microchip/xc8/v2.31/avr/bin/../lib/gcc/avr/5.4.0/avr5/memx-const\libgcc.a(_umulhisi3.o)
 .text.libgcc.prologue
                0x0000000000000000        0x0 c:/program files/microchip/xc8/v2.31/avr/bin/../lib/gcc/avr/5.4.0/avr5/memx-const\libgcc.a(_umulhisi3.o)
 .text.libgcc.builtins
                0x0000000000000000        0x0 c:/program files/microchip/xc8/v2.31/avr/bin/../lib/gcc/avr/5.4.0/avr5/memx-const\libgcc.a(_umulhisi3.o)
 .text.libgcc.fmul
                0x0000000000000000        0x0 c:/program files/microchip/xc8/v2.31/avr/bin/../lib/gcc/avr/5.4.0/avr5/memx-const\libgcc.a(_umulhisi3.o)
 .text.libgcc.fixed
                0x0000000000000000        0x0 c:/program files/microchip/xc8/v2.31/avr/bin/../lib/gcc/avr/5.4.0/avr5/memx-const\libgcc.a(_umulhisi3.o)
 .text          0x0000000000000000        0x0 c:/program files/microchip/xc8/v2.31/avr/bin/../lib/gcc/avr/5.4.0/avr5/memx-const\libgcc.a(_udivmodhi4.o)
 .data          0x0000000000000000        0x0 c:/program files/microchip/xc8/v2.31/avr/bin/../lib/gcc/avr/5.4.0/avr5/memx-const\libgcc.a(_udivmodhi4.o)
 .bss           0x0000000000000000        0x0 c:/program files/microchip/xc8/v2.31/avr/bin/../lib/gcc/avr/5.4.0/avr5/memx-const\libgcc.a(_udivmodhi4.o)
 .text.libgcc.mul
                0x0000000000000000        0x0 c:/program files/microchip/xc8/v2.31/avr/bin/../lib/gcc/avr/5.4.0/avr5/memx-const\libgcc.a(_udivmodhi4.o)
 .text.libgcc.div
                0x0000000000000000       0x28 c:/program files/microchip/xc8/v2.31/avr/bin/../lib/gcc/avr/5.4.0/avr5/memx-const\libgcc.a(_udivmodhi4.o)
 .text.libgcc   0x0000000000000000        0x0 c:/program files/microchip/xc8/v2.31/avr/bin/../lib/gcc/avr/5.4.0/avr5/memx-const\libgcc.a(_udivmodhi4.o)
 .text.libgcc.prologue
                0x0000000000000000        0x0 c:/program files/microchip/xc8/v2.31/avr/bin/../lib/gcc/avr/5.4.0/avr5/memx-const\libgcc.a(_udivmodhi4.o)
 .text.libgcc.builtins
                0x0000000000000000        0x0 c:/program files/microchip/xc8/v2.31/avr/bin/../lib/gcc/avr/5.4.0/avr5/memx-const\libgcc.a(_udivmodhi4.o)
 .text.libgcc.fmul
                0x0000000000000000        0x0 c:/program files/microchip/xc8/v2.31/avr/bin/../lib/gcc/avr/5.4.0/avr5/memx-const\libgcc.a(_udivmodhi4.o)
 .text.libgcc.fixed
                0x0000000000000000        0x0 c:/program files/microchip/xc8/v2.31/avr/bin/../lib/gcc/avr/5.4.0/avr5/memx-const\libgcc.a(_udivmodhi4.o)

Memory Configuration

Name             Origin             Length             Attributes
text             0x0000000000000000 0x0000000000004000 xr
data             0x0000000000800060 0x0000000000000400 rw !x
eeprom           0x0000000000810000 0x0000000000000200 rw !x
fuse             0x0000000000820000 0x0000000000000002 rw !x
lock             0x0000000000830000 0x0000000000000400 rw !x
signature        0x0000000000840000 0x0000000000000400 rw !x
user_signatures  0x0000000000850000 0x0000000000000400 rw !x
*default*        0x0000000000000000 0xffffffffffffffff

Linker script and memory map

LOAD C:/Program Files (x86)/Atmel/Studio/7.0/Packs/atmel/ATmega_DFP/1.6.364/xc8/avr/lib/avr5/memx-const/crtatmega16.o
LOAD 7_SEG/7_SEG.o
LOAD ADC/ADC.o
LOAD DHT11/DHT11.o
LOAD DIO/DIO.o
LOAD EEPROM/EEPROM.o
LOAD I2C/I2C.o
LOAD INT/INT.o
LOAD KeyPad/KeyPad.o
LOAD LCD/LCD.o
LOAD LED/LED.o
LOAD main.o
LOAD BUTTON/BUTTON.o
LOAD Motors/Motors.o
LOAD SPI/SPI.o
LOAD TIMERS/TIMERS.o
LOAD Ultra_Sonic/Ultra_Sonic.o
LOAD USART/USART.o
START GROUP
LOAD c:/program files/microchip/xc8/v2.31/avr/bin/../lib/gcc/avr/5.4.0/../../../../avr/lib/avr5/memx-const\libm.a
END GROUP
START GROUP
LOAD c:/program files/microchip/xc8/v2.31/avr/bin/../lib/gcc/avr/5.4.0/avr5/memx-const\libgcc.a
LOAD c:/program files/microchip/xc8/v2.31/avr/bin/../lib/gcc/avr/5.4.0/../../../../avr/lib/avr5/memx-const\libm.a
LOAD c:/program files/microchip/xc8/v2.31/avr/bin/../lib/gcc/avr/5.4.0/../../../../avr/lib/avr5/memx-const\libc.a
LOAD C:/Program Files (x86)/Atmel/Studio/7.0/Packs/atmel/ATmega_DFP/1.6.364/xc8/avr/lib/avr5/memx-const\libatmega16.a
END GROUP
                0x0000000000000000                __TEXT_REGION_ORIGIN__ = DEFINED (__TEXT_REGION_ORIGIN__)?__TEXT_REGION_ORIGIN__:0x0
                [0x0000000000800060]                __DATA_REGION_ORIGIN__ = DEFINED (__DATA_REGION_ORIGIN__)?__DATA_REGION_ORIGIN__:0x800060
                [0x0000000000004000]                __TEXT_REGION_LENGTH__ = DEFINED (__TEXT_REGION_LENGTH__)?__TEXT_REGION_LENGTH__:0x20000
                [0x0000000000000400]                __DATA_REGION_LENGTH__ = DEFINED (__DATA_REGION_LENGTH__)?__DATA_REGION_LENGTH__:0xffa0
                [0x0000000000000200]                __EEPROM_REGION_LENGTH__ = DEFINED (__EEPROM_REGION_LENGTH__)?__EEPROM_REGION_LENGTH__:0x10000
                [0x0000000000000002]                __FUSE_REGION_LENGTH__ = DEFINED (__FUSE_REGION_LENGTH__)?__FUSE_REGION_LENGTH__:0x400
                0x0000000000000400                __LOCK_REGION_LENGTH__ = DEFINED (__LOCK_REGION_LENGTH__)?__LOCK_REGION_LENGTH__:0x400
                0x0000000000000400                __SIGNATURE_REGION_LENGTH__ = DEFINED (__SIGNATURE_REGION_LENGTH__)?__SIGNATURE_REGION_LENGTH__:0x400
                0x0000000000000400                __USER_SIGNATURE_REGION_LENGTH__ = DEFINED (__USER_SIGNATURE_REGION_LENGTH__)?__USER_SIGNATURE_REGION_LENGTH__:0x400

.hash
 *(.hash)

.dynsym
 *(.dynsym)

.dynstr
 *(.dynstr)

.gnu.version
 *(.gnu.version)

.gnu.version_d
 *(.gnu.version_d)

.gnu.version_r
 *(.gnu.version_r)

.rel.init
 *(.rel.init)

.rela.init
 *(.rela.init)

.rel.text
 *(.rel.text)
 *(.rel.text.*)
 *(.rel.gnu.linkonce.t*)

.rela.text
 *(.rela.text)
 *(.rela.text.*)
 *(.rela.gnu.linkonce.t*)

.rel.fini
 *(.rel.fini)

.rela.fini
 *(.rela.fini)

.rel.rodata
 *(.rel.rodata)
 *(.rel.rodata.*)
 *(.rel.gnu.linkonce.r*)

.rela.rodata
 *(.rela.rodata)
 *(.rela.rodata.*)
 *(.rela.gnu.linkonce.r*)

.rel.data
 *(.rel.data)
 *(.rel.data.*)
 *(.rel.gnu.linkonce.d*)

.rela.data
 *(.rela.data)
 *(.rela.data.*)
 *(.rela.gnu.linkonce.d*)

.rel.ctors
 *(.rel.ctors)

.rela.ctors
 *(.rela.ctors)

.rel.dtors
 *(.rel.dtors)

.rela.dtors
 *(.rela.dtors)

.rel.got
 *(.rel.got)

.rela.got
 *(.rela.got)

.rel.bss
 *(.rel.bss)

.rela.bss
 *(.rela.bss)

.rel.plt
 *(.rel.plt)

.rela.plt
 *(.rela.plt)

.text           0x0000000000000000      0x210
 *(.vectors)
 .vectors       0x0000000000000000       0x54 C:/Program Files (x86)/Atmel/Studio/7.0/Packs/atmel/ATmega_DFP/1.6.364/xc8/avr/lib/avr5/memx-const/crtatmega16.o
                0x0000000000000000                __vector_default
                0x0000000000000000                __vectors
 *(.vectors)
 *(.progmem.gcc*)
 .progmem.gcc_sw_table.DIO_set_bit_dir
                0x0000000000000054       0x48 DIO/DIO.o
 .progmem.gcc_sw_table.DIO_write_bit
                0x000000000000009c       0x48 DIO/DIO.o
 .progmem.gcc_sw_table.DIO_read_bit_u8
                0x00000000000000e4       0x48 DIO/DIO.o
 .progmem.gcc_sw_table.DIO_set_dir
                0x000000000000012c       0x48 DIO/DIO.o
 .progmem.gcc_sw_table.DIO_write_port
                0x0000000000000174       0x48 DIO/DIO.o
 *(.dinit)
 .dinit         0x00000000000001bc        0x0 data_init
                0x00000000000001bc                . = ALIGN (0x2)
                0x00000000000001bc                __trampolines_start = .
 *(.trampolines)
 .trampolines   0x00000000000001bc        0x0 linker stubs
 *(.trampolines*)
                0x00000000000001bc                __trampolines_end = .
 *libprintf_flt.a:*(.progmem.data)
 *libc.a:*(.progmem.data)
                0x00000000000001bc                . = ALIGN (0x2)
 *(.jumptables)
 *(.jumptables*)
 *(.lowtext)
 *(.lowtext*)
                0x00000000000001bc                __ctors_start = .
 *(.ctors)
                0x00000000000001bc                __ctors_end = .
                0x00000000000001bc                __dtors_start = .
 *(.dtors)
                0x00000000000001bc                __dtors_end = .
 SORT(*)(.ctors)
 SORT(*)(.dtors)
 *(.init0)
 .init0         0x00000000000001bc        0x0 C:/Program Files (x86)/Atmel/Studio/7.0/Packs/atmel/ATmega_DFP/1.6.364/xc8/avr/lib/avr5/memx-const/crtatmega16.o
                0x00000000000001bc                __init
 *(.init0)
 *(.init1)
 *(.init1)
 *(.init2)
 .init2         0x00000000000001bc        0xc C:/Program Files (x86)/Atmel/Studio/7.0/Packs/atmel/ATmega_DFP/1.6.364/xc8/avr/lib/avr5/memx-const/crtatmega16.o
 *(.init2)
 *(.init3)
 *(.init3)
 *(.init4)
 .init4         0x00000000000001c8       0x3c c:/program files/microchip/xc8/v2.31/avr/bin/../lib/gcc/avr/5.4.0/avr5/memx-const\libgcc.a(_copy_data.o)
                0x00000000000001c8                __do_copy_data
                0x00000000000001f6                __do_clear_bss
 *(.init4)
 *(.init5)
 *(.init5)
 *(.init6)
 *(.init6)
 *(.init7)
 *(.init7)
 *(.init8)
 *(.init8)
 *(.init9)
 .init9         0x0000000000000204        0x8 C:/Program Files (x86)/Atmel/Studio/7.0/Packs/atmel/ATmega_DFP/1.6.364/xc8/avr/lib/avr5/memx-const/crtatmega16.o
 *(.init9)
                0x000000000000020c                . = ALIGN (0x2)
 *(.fini9)
 .fini9         0x000000000000020c        0x0 c:/program files/microchip/xc8/v2.31/avr/bin/../lib/gcc/avr/5.4.0/avr5/memx-const\libgcc.a(_exit.o)
                0x000000000000020c                _exit
                0x000000000000020c                exit
 *(.fini9)
 *(.fini8)
 *(.fini8)
 *(.fini7)
 *(.fini7)
 *(.fini6)
 *(.fini6)
 *(.fini5)
 *(.fini5)
 *(.fini4)
 *(.fini4)
 *(.fini3)
 *(.fini3)
 *(.fini2)
 *(.fini2)
 *(.fini1)
 *(.fini1)
 *(.fini0)
 .fini0         0x000000000000020c        0x4 c:/program files/microchip/xc8/v2.31/avr/bin/../lib/gcc/avr/5.4.0/avr5/memx-const\libgcc.a(_exit.o)
 *(.fini0)
                0x0000000000000210                _etext = .

.data           0x0000000000800060        0x0 load address 0x0000000000000210
                [!provide]                        PROVIDE (__data_start, .)
 *(.gnu.linkonce.d*)
 *(.gnu.linkonce.r*)
                0x0000000000800060                . = ALIGN (0x2)
                0x0000000000800060                _edata = .
                [!provide]                        PROVIDE (__data_end, .)

.bss            0x0000000000800060        0x0
                [!provide]                        PROVIDE (__bss_start, .)
 *(COMMON)
                [!provide]                        PROVIDE (__bss_end, .)
                0x0000000000000210                __data_load_start = LOADADDR (.data)
                0x0000000000000210                __data_load_end = (__data_load_start + SIZEOF (.data))

.noinit         0x0000000000800060        0x0
                [!provide]                        PROVIDE (__noinit_start, .)
 *(.noinit*)
                [!provide]                        PROVIDE (__noinit_end, .)
                0x0000000000800060                _end = .

.eeprom         0x0000000000810000        0x0
 *(.eeprom*)
                0x0000000000810000                __eeprom_end = .

.fuse
 *(.fuse)
 *(.lfuse)
 *(.hfuse)
 *(.efuse)

.lock
 *(.lock*)

.signature
 *(.signature*)

.user_signatures
 *(.user_signatures*)

.stab
 *(.stab)

.stabstr
 *(.stabstr)

.stab.excl
 *(.stab.excl)

.stab.exclstr
 *(.stab.exclstr)

.stab.index
 *(.stab.index)

.stab.indexstr
 *(.stab.indexstr)

.comment        0x0000000000000000       0x2f
 *(.comment)
 .comment       0x0000000000000000       0x2f DHT11/DHT11.o
                                         0x30 (size before relaxing)
 .comment       0x000000000000002f       0x30 DIO/DIO.o
 .comment       0x000000000000002f       0x30 LCD/LCD.o
 .comment       0x000000000000002f       0x30 main.o

.note.gnu.build-id
 *(.note.gnu.build-id)

.debug
 *(.debug)

.line
 *(.line)

.debug_srcinfo
 *(.debug_srcinfo)

.debug_sfnames
 *(.debug_sfnames)

.debug_aranges  0x0000000000000000      0x150
 *(.debug_aranges)
 .debug_aranges
                0x0000000000000000       0x40 DHT11/DHT11.o
 .debug_aranges
                0x0000000000000040       0x78 DIO/DIO.o
 .debug_aranges
                0x00000000000000b8       0x78 LCD/LCD.o
 .debug_aranges
                0x0000000000000130       0x20 main.o

.debug_pubnames
 *(.debug_pubnames)

.debug_info     0x0000000000000000     0x36e5
 *(.debug_info .gnu.linkonce.wi.*)
 .debug_info    0x0000000000000000      0x52e C:/Program Files (x86)/Atmel/Studio/7.0/Packs/atmel/ATmega_DFP/1.6.364/xc8/avr/lib/avr5/memx-const/crtatmega16.o
 .debug_info    0x000000000000052e      0x673 DHT11/DHT11.o
 .debug_info    0x0000000000000ba1      0x681 DIO/DIO.o
 .debug_info    0x0000000000001222     0x1d81 LCD/LCD.o
 .debug_info    0x0000000000002fa3      0x742 main.o

.debug_abbrev   0x0000000000000000      0xa6c
 *(.debug_abbrev)
 .debug_abbrev  0x0000000000000000      0x4e7 C:/Program Files (x86)/Atmel/Studio/7.0/Packs/atmel/ATmega_DFP/1.6.364/xc8/avr/lib/avr5/memx-const/crtatmega16.o
 .debug_abbrev  0x00000000000004e7      0x179 DHT11/DHT11.o
 .debug_abbrev  0x0000000000000660      0x159 DIO/DIO.o
 .debug_abbrev  0x00000000000007b9      0x1b0 LCD/LCD.o
 .debug_abbrev  0x0000000000000969      0x103 main.o

.debug_line     0x0000000000000000      0xebc
 *(.debug_line .debug_line.* .debug_line_end)
 .debug_line    0x0000000000000000      0x119 C:/Program Files (x86)/Atmel/Studio/7.0/Packs/atmel/ATmega_DFP/1.6.364/xc8/avr/lib/avr5/memx-const/crtatmega16.o
 .debug_line    0x0000000000000119      0x1e3 DHT11/DHT11.o
 .debug_line    0x00000000000002fc      0x3c7 DIO/DIO.o
 .debug_line    0x00000000000006c3      0x641 LCD/LCD.o
 .debug_line    0x0000000000000d04      0x1b8 main.o

.debug_frame    0x0000000000000000      0x468
 *(.debug_frame)
 .debug_frame   0x0000000000000000       0x9c DHT11/DHT11.o
 .debug_frame   0x000000000000009c       0xf8 DIO/DIO.o
 .debug_frame   0x0000000000000194      0x2b0 LCD/LCD.o
 .debug_frame   0x0000000000000444       0x24 main.o

.debug_str      0x0000000000000000      0x365
 *(.debug_str)
 .debug_str     0x0000000000000000      0x1af C:/Program Files (x86)/Atmel/Studio/7.0/Packs/atmel/ATmega_DFP/1.6.364/xc8/avr/lib/avr5/memx-const/crtatmega16.o
 .debug_str     0x00000000000001af       0x54 DHT11/DHT11.o
 .debug_str     0x0000000000000203        0x5 DIO/DIO.o
 .debug_str     0x0000000000000208       0xc1 LCD/LCD.o
 .debug_str     0x00000000000002c9       0x9c main.o

.debug_loc      0x0000000000000000     0x275c
 *(.debug_loc)
 .debug_loc     0x0000000000000000      0x357 DHT11/DHT11.o
 .debug_loc     0x0000000000000357      0x521 DIO/DIO.o
 .debug_loc     0x0000000000000878     0x1e3e LCD/LCD.o
 .debug_loc     0x00000000000026b6       0xa6 main.o

.debug_macinfo
 *(.debug_macinfo)

.debug_weaknames
 *(.debug_weaknames)

.debug_funcnames
 *(.debug_funcnames)

.debug_typenames
 *(.debug_typenames)

.debug_varnames
 *(.debug_varnames)

.debug_pubtypes
 *(.debug_pubtypes)

.debug_ranges   0x0000000000000000      0x128
 *(.debug_ranges)
 .debug_ranges  0x0000000000000000       0x48 DHT11/DHT11.o
 .debug_ranges  0x0000000000000048       0x68 DIO/DIO.o
 .debug_ranges  0x00000000000000b0       0x68 LCD/LCD.o
 .debug_ranges  0x0000000000000118       0x10 main.o

.debug_macro
 *(.debug_macro)
OUTPUT(ATMEGA16.elf elf32-avr)
LOAD linker stubs
LOAD data_init

.note.gnu.avr.deviceinfo
                0x0000000000000000       0x3c
 .note.gnu.avr.deviceinfo
                0x0000000000000000       0x3c C:/Program Files (x86)/Atmel/Studio/7.0/Packs/atmel/ATmega_DFP/1.6.364/xc8/avr/lib/avr5/memx-const/crtatmega16.o

.progmemx.data  0x0000000000000210        0xf
 .progmemx.data
                0x0000000000000210        0xf main.o

.text.main      0x0000000000000220      0x14a
 .text.main     0x0000000000000220      0x14a main.o
                0x0000000000000220                main

.text.DIO_set_bit_dir
                0x000000000000036a       0xe0
 .text.DIO_set_bit_dir
                0x000000000000036a       0xe0 DIO/DIO.o
                0x000000000000036a                DIO_set_bit_dir

.text.DIO_write_bit
                0x000000000000044a       0xe0
 .text.DIO_write_bit
                0x000000000000044a       0xe0 DIO/DIO.o
                0x000000000000044a                DIO_write_bit

.text.DIO_read_bit_u8
                0x000000000000052a       0xcc
 .text.DIO_read_bit_u8
                0x000000000000052a       0xcc DIO/DIO.o
                0x000000000000052a                DIO_read_bit_u8

.text.LCD_inatialize
                0x00000000000005f6       0xb0
 .text.LCD_inatialize
                0x00000000000005f6       0xb0 LCD/LCD.o
                0x00000000000005f6                LCD_inatialize

.text.LCD_send_Snum
                0x00000000000006a6       0xac
 .text.LCD_send_Snum
                0x00000000000006a6       0xac LCD/LCD.o
                0x00000000000006a6                LCD_send_Snum

.text.LCD_send_string
                0x0000000000000752       0xa6
 .text.LCD_send_string
                0x0000000000000752       0xa6 LCD/LCD.o
                0x0000000000000752                LCD_send_string

.text.DHT11_read_byte
                0x00000000000007f8       0x60
 .text.DHT11_read_byte
                0x00000000000007f8       0x60 DHT11/DHT11.o
                0x00000000000007f8                DHT11_read_byte

.text.LCD_send_char
                0x0000000000000858       0x60
 .text.LCD_send_char
                0x0000000000000858       0x60 LCD/LCD.o
                0x0000000000000858                LCD_send_char

.text.LCD_send_cmd
                0x00000000000008b8       0x60
 .text.LCD_send_cmd
                0x00000000000008b8       0x60 LCD/LCD.o
                0x00000000000008b8                LCD_send_cmd

.text.LCD_move_cursor
                0x0000000000000918       0x5a
 .text.LCD_move_cursor
                0x0000000000000918       0x5a LCD/LCD.o
                0x0000000000000918                LCD_move_cursor

.text.libgcc.div
                0x0000000000000972       0x44
 .text.libgcc.div
                0x0000000000000972       0x44 c:/program files/microchip/xc8/v2.31/avr/bin/../lib/gcc/avr/5.4.0/avr5/memx-const\libgcc.a(_udivmodsi4.o)
                0x0000000000000972                __udivmodsi4

.text.DHT11_receive_response_signal
                0x00000000000009b6       0x38
 .text.DHT11_receive_response_signal
                0x00000000000009b6       0x38 DHT11/DHT11.o
                0x00000000000009b6                DHT11_receive_response_signal

.text.DHT11_send_start_signal
                0x00000000000009ee       0x34
 .text.DHT11_send_start_signal
                0x00000000000009ee       0x34 DHT11/DHT11.o
                0x00000000000009ee                DHT11_send_start_signal

.text.libgcc.div
                0x0000000000000a22       0x2e
 .text.libgcc.div
                0x0000000000000a22       0x2e c:/program files/microchip/xc8/v2.31/avr/bin/../lib/gcc/avr/5.4.0/avr5/memx-const\libgcc.a(_divmodsi4.o)
                0x0000000000000a22                __divmodsi4

.text.DIO_set_dir
                0x0000000000000a50       0x26
 .text.DIO_set_dir
                0x0000000000000a50       0x26 DIO/DIO.o
                0x0000000000000a50                DIO_set_dir

.text.DIO_write_port
                0x0000000000000a76       0x26
 .text.DIO_write_port
                0x0000000000000a76       0x26 DIO/DIO.o
                0x0000000000000a76                DIO_write_port

.text.DHT11_stop
                0x0000000000000a9c       0x1e
 .text.DHT11_stop
                0x0000000000000a9c       0x1e DHT11/DHT11.o
                0x0000000000000a9c                DHT11_stop

.text.libgcc.div
                0x0000000000000aba       0x10
 .text.libgcc.div
                0x0000000000000aba       0x10 c:/program files/microchip/xc8/v2.31/avr/bin/../lib/gcc/avr/5.4.0/avr5/memx-const\libgcc.a(_negsi2.o)
                0x0000000000000aba                __negsi2

.text.libgcc    0x0000000000000aca        0xc
 .text.libgcc   0x0000000000000aca        0xc c:/program files/microchip/xc8/v2.31/avr/bin/../lib/gcc/avr/5.4.0/avr5/memx-const\libgcc.a(_tablejump2.o)
                0x0000000000000aca                __tablejump2__

.text           0x0000000000000ad6        0x4
 .text          0x0000000000000ad6        0x4 C:/Program Files (x86)/Atmel/Studio/7.0/Packs/atmel/ATmega_DFP/1.6.364/xc8/avr/lib/avr5/memx-const/crtatmega16.o
                0x0000000000000ad6                __vector_1
                0x0000000000000ad6                __vector_12
                0x0000000000000ad6                __bad_interrupt
                0x0000000000000ad6                __vector_6
                0x0000000000000ad6                __vector_3
                0x0000000000000ad6                __vector_11
                0x0000000000000ad6                __vector_13
                0x0000000000000ad6                __vector_17
                0x0000000000000ad6                __vector_19
                0x0000000000000ad6                __vector_7
                0x0000000000000ad6                __vector_5
                0x0000000000000ad6                __vector_4
                0x0000000000000ad6                __vector_9
                0x0000000000000ad6                __vector_2
                0x0000000000000ad6                __vector_15
                0x0000000000000ad6                __vector_8
                0x0000000000000ad6                __vector_14
                0x0000000000000ad6                __vector_10
                0x0000000000000ad6                __vector_16
                0x0000000000000ad6                __vector_18
                0x0000000000000ad6                __vector_20
